Archive member included to satisfy reference by file (symbol)

..\..\..\..\..\..\..\Program Files (x86)\GNU Tools ARM Embedded\5.3 2016q1\arm-none-eabi\lib\armv7e-m\fpu\libm.a(lib_a-sf_round.o)
                              ..\obj\signal_prcs.o (roundf)
..\..\..\..\..\..\..\Program Files (x86)\GNU Tools ARM Embedded\5.3 2016q1\arm-none-eabi\lib\armv7e-m\fpu\libm.a(lib_a-wf_pow.o)
                              ..\obj\main.o (powf)
..\..\..\..\..\..\..\Program Files (x86)\GNU Tools ARM Embedded\5.3 2016q1\arm-none-eabi\lib\armv7e-m\fpu\libm.a(lib_a-ef_pow.o)
                              ..\..\..\..\..\..\..\Program Files (x86)\GNU Tools ARM Embedded\5.3 2016q1\arm-none-eabi\lib\armv7e-m\fpu\libm.a(lib_a-wf_pow.o) (__ieee754_powf)
..\..\..\..\..\..\..\Program Files (x86)\GNU Tools ARM Embedded\5.3 2016q1\arm-none-eabi\lib\armv7e-m\fpu\libm.a(lib_a-ef_sqrt.o)
                              ..\..\..\..\..\..\..\Program Files (x86)\GNU Tools ARM Embedded\5.3 2016q1\arm-none-eabi\lib\armv7e-m\fpu\libm.a(lib_a-ef_pow.o) (__ieee754_sqrtf)
..\..\..\..\..\..\..\Program Files (x86)\GNU Tools ARM Embedded\5.3 2016q1\arm-none-eabi\lib\armv7e-m\fpu\libm.a(lib_a-s_lib_ver.o)
                              ..\..\..\..\..\..\..\Program Files (x86)\GNU Tools ARM Embedded\5.3 2016q1\arm-none-eabi\lib\armv7e-m\fpu\libm.a(lib_a-wf_pow.o) (__fdlib_version)
..\..\..\..\..\..\..\Program Files (x86)\GNU Tools ARM Embedded\5.3 2016q1\arm-none-eabi\lib\armv7e-m\fpu\libm.a(lib_a-s_matherr.o)
                              ..\..\..\..\..\..\..\Program Files (x86)\GNU Tools ARM Embedded\5.3 2016q1\arm-none-eabi\lib\armv7e-m\fpu\libm.a(lib_a-wf_pow.o) (matherr)
..\..\..\..\..\..\..\Program Files (x86)\GNU Tools ARM Embedded\5.3 2016q1\arm-none-eabi\lib\armv7e-m\fpu\libm.a(lib_a-s_rint.o)
                              ..\..\..\..\..\..\..\Program Files (x86)\GNU Tools ARM Embedded\5.3 2016q1\arm-none-eabi\lib\armv7e-m\fpu\libm.a(lib_a-wf_pow.o) (rint)
..\..\..\..\..\..\..\Program Files (x86)\GNU Tools ARM Embedded\5.3 2016q1\arm-none-eabi\lib\armv7e-m\fpu\libm.a(lib_a-sf_fabs.o)
                              ..\..\..\..\..\..\..\Program Files (x86)\GNU Tools ARM Embedded\5.3 2016q1\arm-none-eabi\lib\armv7e-m\fpu\libm.a(lib_a-ef_pow.o) (fabsf)
..\..\..\..\..\..\..\Program Files (x86)\GNU Tools ARM Embedded\5.3 2016q1\arm-none-eabi\lib\armv7e-m\fpu\libm.a(lib_a-sf_finite.o)
                              ..\..\..\..\..\..\..\Program Files (x86)\GNU Tools ARM Embedded\5.3 2016q1\arm-none-eabi\lib\armv7e-m\fpu\libm.a(lib_a-wf_pow.o) (finitef)
..\..\..\..\..\..\..\Program Files (x86)\GNU Tools ARM Embedded\5.3 2016q1\arm-none-eabi\lib\armv7e-m\fpu\libm.a(lib_a-sf_nan.o)
                              ..\..\..\..\..\..\..\Program Files (x86)\GNU Tools ARM Embedded\5.3 2016q1\arm-none-eabi\lib\armv7e-m\fpu\libm.a(lib_a-ef_pow.o) (nanf)
..\..\..\..\..\..\..\Program Files (x86)\GNU Tools ARM Embedded\5.3 2016q1\arm-none-eabi\lib\armv7e-m\fpu\libm.a(lib_a-sf_scalbn.o)
                              ..\..\..\..\..\..\..\Program Files (x86)\GNU Tools ARM Embedded\5.3 2016q1\arm-none-eabi\lib\armv7e-m\fpu\libm.a(lib_a-ef_pow.o) (scalbnf)
..\..\..\..\..\..\..\Program Files (x86)\GNU Tools ARM Embedded\5.3 2016q1\arm-none-eabi\lib\armv7e-m\fpu\libm.a(lib_a-sf_copysign.o)
                              ..\..\..\..\..\..\..\Program Files (x86)\GNU Tools ARM Embedded\5.3 2016q1\arm-none-eabi\lib\armv7e-m\fpu\libm.a(lib_a-sf_scalbn.o) (copysignf)
c:/program files (x86)/gnu tools arm embedded/5.3 2016q1/bin/../lib/gcc/arm-none-eabi/5.3.1/armv7e-m/fpu\libgcc.a(_arm_addsubdf3.o)
                              ..\..\..\..\..\..\..\Program Files (x86)\GNU Tools ARM Embedded\5.3 2016q1\arm-none-eabi\lib\armv7e-m\fpu\libm.a(lib_a-s_rint.o) (__aeabi_dsub)
c:/program files (x86)/gnu tools arm embedded/5.3 2016q1/bin/../lib/gcc/arm-none-eabi/5.3.1/armv7e-m/fpu\libgcc.a(_arm_muldivdf3.o)
                              ..\obj\signal_prcs.o (__aeabi_dmul)
c:/program files (x86)/gnu tools arm embedded/5.3 2016q1/bin/../lib/gcc/arm-none-eabi/5.3.1/armv7e-m/fpu\libgcc.a(_arm_cmpdf2.o)
                              ..\..\..\..\..\..\..\Program Files (x86)\GNU Tools ARM Embedded\5.3 2016q1\arm-none-eabi\lib\armv7e-m\fpu\libm.a(lib_a-wf_pow.o) (__aeabi_dcmpeq)
c:/program files (x86)/gnu tools arm embedded/5.3 2016q1/bin/../lib/gcc/arm-none-eabi/5.3.1/armv7e-m/fpu\libgcc.a(_arm_truncdfsf2.o)
                              ..\obj\signal_prcs.o (__aeabi_d2f)
..\..\..\..\..\..\..\Program Files (x86)\GNU Tools ARM Embedded\5.3 2016q1\arm-none-eabi\lib\armv7e-m\fpu\libg.a(lib_a-errno.o)
                              ..\..\..\..\..\..\..\Program Files (x86)\GNU Tools ARM Embedded\5.3 2016q1\arm-none-eabi\lib\armv7e-m\fpu\libm.a(lib_a-wf_pow.o) (__errno)
..\..\..\..\..\..\..\Program Files (x86)\GNU Tools ARM Embedded\5.3 2016q1\arm-none-eabi\lib\armv7e-m\fpu\libg.a(lib_a-impure.o)
                              ..\..\..\..\..\..\..\Program Files (x86)\GNU Tools ARM Embedded\5.3 2016q1\arm-none-eabi\lib\armv7e-m\fpu\libg.a(lib_a-errno.o) (_impure_ptr)

Allocating common symbols
Common symbol       size              file

write_pnt           0x4               ..\obj\signal_prcs.o
ring_buff           0x3e80            ..\obj\signal_prcs.o
FilterStruct        0x14              ..\obj\main.o
I2S_InitStructure   0x10              ..\obj\main.o
read_pnt            0x4               ..\obj\signal_prcs.o
ADC_InitStructure   0x20              ..\obj\main.o
TIM_InitStructure   0xc               ..\obj\main.o
GPIO_InitStructure  0x8               ..\obj\main.o
pitch               0x1               ..\obj\indc_ctrl.o
NVIC_InitStructure  0x4               ..\obj\main.o
EXTI_InitStructure  0x8               ..\obj\main.o
crossfade           0x4               ..\obj\signal_prcs.o
DMA_InitStructure   0x2c              ..\obj\main.o
ADC_CommonInitStructure
                    0x14              ..\obj\main.o

Discarded input sections

 .text          0x00000000        0x0 ..\obj\stm32f30x_rcc.o
 .bss           0x00000000        0x0 ..\obj\stm32f30x_rcc.o
 .text.RCC_WaitForHSEStartUp
                0x00000000       0x50 ..\obj\stm32f30x_rcc.o
 .text.RCC_AdjustHSICalibrationValue
                0x00000000       0x3c ..\obj\stm32f30x_rcc.o
 .text.RCC_LSEConfig
                0x00000000       0x3c ..\obj\stm32f30x_rcc.o
 .text.RCC_LSEDriveConfig
                0x00000000       0x30 ..\obj\stm32f30x_rcc.o
 .text.RCC_LSICmd
                0x00000000       0x20 ..\obj\stm32f30x_rcc.o
 .text.RCC_PREDIV1Config
                0x00000000       0x38 ..\obj\stm32f30x_rcc.o
 .text.RCC_ClockSecuritySystemCmd
                0x00000000       0x20 ..\obj\stm32f30x_rcc.o
 .text.RCC_MCOConfig
                0x00000000       0x20 ..\obj\stm32f30x_rcc.o
 .text.RCC_I2CCLKConfig
                0x00000000       0x50 ..\obj\stm32f30x_rcc.o
 .text.RCC_TIMCLKConfig
                0x00000000       0x50 ..\obj\stm32f30x_rcc.o
 .text.RCC_USARTCLKConfig
                0x00000000       0x98 ..\obj\stm32f30x_rcc.o
 .text.RCC_USBCLKConfig
                0x00000000       0x20 ..\obj\stm32f30x_rcc.o
 .text.RCC_RTCCLKConfig
                0x00000000       0x24 ..\obj\stm32f30x_rcc.o
 .text.RCC_RTCCLKCmd
                0x00000000       0x20 ..\obj\stm32f30x_rcc.o
 .text.RCC_BackupResetCmd
                0x00000000       0x20 ..\obj\stm32f30x_rcc.o
 .text.RCC_AHBPeriphResetCmd
                0x00000000       0x40 ..\obj\stm32f30x_rcc.o
 .text.RCC_APB2PeriphResetCmd
                0x00000000       0x40 ..\obj\stm32f30x_rcc.o
 .text.RCC_APB1PeriphResetCmd
                0x00000000       0x40 ..\obj\stm32f30x_rcc.o
 .text.RCC_ITConfig
                0x00000000       0x4c ..\obj\stm32f30x_rcc.o
 .text.RCC_ClearFlag
                0x00000000       0x20 ..\obj\stm32f30x_rcc.o
 .text.RCC_GetITStatus
                0x00000000       0x38 ..\obj\stm32f30x_rcc.o
 .text.RCC_ClearITPendingBit
                0x00000000       0x20 ..\obj\stm32f30x_rcc.o
 .text          0x00000000        0x0 ..\obj\stm32f30x_flash.o
 .data          0x00000000        0x0 ..\obj\stm32f30x_flash.o
 .bss           0x00000000        0x0 ..\obj\stm32f30x_flash.o
 .text.FLASH_SetLatency
                0x00000000       0x38 ..\obj\stm32f30x_flash.o
 .text.FLASH_HalfCycleAccessCmd
                0x00000000       0x3c ..\obj\stm32f30x_flash.o
 .text.FLASH_PrefetchBufferCmd
                0x00000000       0x3c ..\obj\stm32f30x_flash.o
 .text.FLASH_EraseAllPages
                0x00000000       0x5c ..\obj\stm32f30x_flash.o
 .text.FLASH_ProgramHalfWord
                0x00000000       0x5c ..\obj\stm32f30x_flash.o
 .text.FLASH_OB_Unlock
                0x00000000       0x34 ..\obj\stm32f30x_flash.o
 .text.FLASH_OB_Lock
                0x00000000       0x20 ..\obj\stm32f30x_flash.o
 .text.FLASH_OB_Launch
                0x00000000       0x20 ..\obj\stm32f30x_flash.o
 .text.FLASH_OB_Erase
                0x00000000       0xbc ..\obj\stm32f30x_flash.o
 .text.FLASH_OB_EnableWRP
                0x00000000       0xa8 ..\obj\stm32f30x_flash.o
 .text.FLASH_OB_RDPConfig
                0x00000000       0xb0 ..\obj\stm32f30x_flash.o
 .text.FLASH_OB_UserConfig
                0x00000000       0x94 ..\obj\stm32f30x_flash.o
 .text.FLASH_OB_BOOTConfig
                0x00000000       0x80 ..\obj\stm32f30x_flash.o
 .text.FLASH_OB_VDDAConfig
                0x00000000       0x80 ..\obj\stm32f30x_flash.o
 .text.FLASH_OB_SRAMParityConfig
                0x00000000       0x6c ..\obj\stm32f30x_flash.o
 .text.FLASH_OB_WriteUser
                0x00000000       0x80 ..\obj\stm32f30x_flash.o
 .text.FLASH_ProgramOptionByteData
                0x00000000       0x64 ..\obj\stm32f30x_flash.o
 .text.FLASH_OB_GetUser
                0x00000000       0x1c ..\obj\stm32f30x_flash.o
 .text.FLASH_OB_GetWRP
                0x00000000       0x18 ..\obj\stm32f30x_flash.o
 .text.FLASH_OB_GetRDP
                0x00000000       0x34 ..\obj\stm32f30x_flash.o
 .text.FLASH_ITConfig
                0x00000000       0x40 ..\obj\stm32f30x_flash.o
 .text.FLASH_GetFlagStatus
                0x00000000       0x34 ..\obj\stm32f30x_flash.o
 .text          0x00000000        0x0 ..\obj\stm32f30x_adc.o
 .data          0x00000000        0x0 ..\obj\stm32f30x_adc.o
 .bss           0x00000000        0x0 ..\obj\stm32f30x_adc.o
 .text.ADC_DeInit
                0x00000000       0x68 ..\obj\stm32f30x_adc.o
 .text.ADC_StructInit
                0x00000000       0x44 ..\obj\stm32f30x_adc.o
 .text.ADC_InjectedInit
                0x00000000       0x60 ..\obj\stm32f30x_adc.o
 .text.ADC_InjectedStructInit
                0x00000000       0x40 ..\obj\stm32f30x_adc.o
 .text.ADC_CommonStructInit
                0x00000000       0x34 ..\obj\stm32f30x_adc.o
 .text.ADC_StartCalibration
                0x00000000       0x20 ..\obj\stm32f30x_adc.o
 .text.ADC_GetCalibrationValue
                0x00000000       0x1c ..\obj\stm32f30x_adc.o
 .text.ADC_SetCalibrationValue
                0x00000000       0x20 ..\obj\stm32f30x_adc.o
 .text.ADC_SelectCalibrationMode
                0x00000000       0x30 ..\obj\stm32f30x_adc.o
 .text.ADC_GetCalibrationStatus
                0x00000000       0x2c ..\obj\stm32f30x_adc.o
 .text.ADC_DisableCmd
                0x00000000       0x20 ..\obj\stm32f30x_adc.o
 .text.ADC_GetDisableCmdStatus
                0x00000000       0x30 ..\obj\stm32f30x_adc.o
 .text.ADC_VoltageRegulatorCmd
                0x00000000       0x44 ..\obj\stm32f30x_adc.o
 .text.ADC_SelectDifferentialMode
                0x00000000       0x54 ..\obj\stm32f30x_adc.o
 .text.ADC_SelectQueueOfContextMode
                0x00000000       0x38 ..\obj\stm32f30x_adc.o
 .text.ADC_AutoDelayCmd
                0x00000000       0x38 ..\obj\stm32f30x_adc.o
 .text.ADC_AnalogWatchdogCmd
                0x00000000       0x38 ..\obj\stm32f30x_adc.o
 .text.ADC_AnalogWatchdog1ThresholdsConfig
                0x00000000       0x58 ..\obj\stm32f30x_adc.o
 .text.ADC_AnalogWatchdog2ThresholdsConfig
                0x00000000       0x50 ..\obj\stm32f30x_adc.o
 .text.ADC_AnalogWatchdog3ThresholdsConfig
                0x00000000       0x50 ..\obj\stm32f30x_adc.o
 .text.ADC_AnalogWatchdog1SingleChannelConfig
                0x00000000       0x3c ..\obj\stm32f30x_adc.o
 .text.ADC_AnalogWatchdog2SingleChannelConfig
                0x00000000       0x50 ..\obj\stm32f30x_adc.o
 .text.ADC_AnalogWatchdog3SingleChannelConfig
                0x00000000       0x50 ..\obj\stm32f30x_adc.o
 .text.ADC_TempSensorCmd
                0x00000000       0x78 ..\obj\stm32f30x_adc.o
 .text.ADC_VrefintCmd
                0x00000000       0x78 ..\obj\stm32f30x_adc.o
 .text.ADC_VbatCmd
                0x00000000       0x78 ..\obj\stm32f30x_adc.o
 .text.ADC_RegularChannelSequencerLengthConfig
                0x00000000       0x34 ..\obj\stm32f30x_adc.o
 .text.ADC_ExternalTriggerConfig
                0x00000000       0x3c ..\obj\stm32f30x_adc.o
 .text.ADC_GetStartConversionStatus
                0x00000000       0x30 ..\obj\stm32f30x_adc.o
 .text.ADC_StopConversion
                0x00000000       0x20 ..\obj\stm32f30x_adc.o
 .text.ADC_DiscModeChannelCountConfig
                0x00000000       0x44 ..\obj\stm32f30x_adc.o
 .text.ADC_DiscModeCmd
                0x00000000       0x38 ..\obj\stm32f30x_adc.o
 .text.ADC_GetDualModeConversionValue
                0x00000000       0x44 ..\obj\stm32f30x_adc.o
 .text.ADC_SetChannelOffset1
                0x00000000       0x54 ..\obj\stm32f30x_adc.o
 .text.ADC_SetChannelOffset2
                0x00000000       0x54 ..\obj\stm32f30x_adc.o
 .text.ADC_SetChannelOffset3
                0x00000000       0x54 ..\obj\stm32f30x_adc.o
 .text.ADC_SetChannelOffset4
                0x00000000       0x54 ..\obj\stm32f30x_adc.o
 .text.ADC_ChannelOffset1Cmd
                0x00000000       0x38 ..\obj\stm32f30x_adc.o
 .text.ADC_ChannelOffset2Cmd
                0x00000000       0x38 ..\obj\stm32f30x_adc.o
 .text.ADC_ChannelOffset3Cmd
                0x00000000       0x38 ..\obj\stm32f30x_adc.o
 .text.ADC_ChannelOffset4Cmd
                0x00000000       0x38 ..\obj\stm32f30x_adc.o
 .text.ADC_InjectedChannelSampleTimeConfig
                0x00000000       0xa4 ..\obj\stm32f30x_adc.o
 .text.ADC_StartInjectedConversion
                0x00000000       0x20 ..\obj\stm32f30x_adc.o
 .text.ADC_StopInjectedConversion
                0x00000000       0x20 ..\obj\stm32f30x_adc.o
 .text.ADC_GetStartInjectedConversionStatus
                0x00000000       0x30 ..\obj\stm32f30x_adc.o
 .text.ADC_AutoInjectedConvCmd
                0x00000000       0x38 ..\obj\stm32f30x_adc.o
 .text.ADC_InjectedDiscModeCmd
                0x00000000       0x38 ..\obj\stm32f30x_adc.o
 .text.ADC_GetInjectedConversionValue
                0x00000000       0x38 ..\obj\stm32f30x_adc.o
 .text.ADC_ITConfig
                0x00000000       0x3c ..\obj\stm32f30x_adc.o
 .text.ADC_GetFlagStatus
                0x00000000       0x34 ..\obj\stm32f30x_adc.o
 .text.ADC_ClearFlag
                0x00000000       0x1c ..\obj\stm32f30x_adc.o
 .text.ADC_GetCommonFlagStatus
                0x00000000       0x60 ..\obj\stm32f30x_adc.o
 .text.ADC_ClearCommonFlag
                0x00000000       0x4c ..\obj\stm32f30x_adc.o
 .text.ADC_GetITStatus
                0x00000000       0x58 ..\obj\stm32f30x_adc.o
 .text.ADC_ClearITPendingBit
                0x00000000       0x24 ..\obj\stm32f30x_adc.o
 .text          0x00000000        0x0 ..\obj\stm32f30x_gpio.o
 .data          0x00000000        0x0 ..\obj\stm32f30x_gpio.o
 .bss           0x00000000        0x0 ..\obj\stm32f30x_gpio.o
 .text.GPIO_DeInit
                0x00000000       0xd8 ..\obj\stm32f30x_gpio.o
 .text.GPIO_StructInit
                0x00000000       0x34 ..\obj\stm32f30x_gpio.o
 .text.GPIO_PinLockConfig
                0x00000000       0x44 ..\obj\stm32f30x_gpio.o
 .text.GPIO_ReadInputData
                0x00000000       0x1c ..\obj\stm32f30x_gpio.o
 .text.GPIO_ReadOutputDataBit
                0x00000000       0x38 ..\obj\stm32f30x_gpio.o
 .text.GPIO_ReadOutputData
                0x00000000       0x1c ..\obj\stm32f30x_gpio.o
 .text.GPIO_SetBits
                0x00000000       0x20 ..\obj\stm32f30x_gpio.o
 .text.GPIO_ResetBits
                0x00000000       0x20 ..\obj\stm32f30x_gpio.o
 .text.GPIO_WriteBit
                0x00000000       0x30 ..\obj\stm32f30x_gpio.o
 .text.GPIO_Write
                0x00000000       0x20 ..\obj\stm32f30x_gpio.o
 .text          0x00000000        0x0 ..\obj\main.o
 .data          0x00000000        0x0 ..\obj\main.o
 .bss           0x00000000        0x0 ..\obj\main.o
 .text          0x00000000        0x0 ..\obj\stm32f30x_dma.o
 .data          0x00000000        0x0 ..\obj\stm32f30x_dma.o
 .bss           0x00000000        0x0 ..\obj\stm32f30x_dma.o
 .text.DMA_DeInit
                0x00000000      0x178 ..\obj\stm32f30x_dma.o
 .text.DMA_StructInit
                0x00000000       0x58 ..\obj\stm32f30x_dma.o
 .text.DMA_SetCurrDataCounter
                0x00000000       0x20 ..\obj\stm32f30x_dma.o
 .text.DMA_GetCurrDataCounter
                0x00000000       0x1c ..\obj\stm32f30x_dma.o
 .text.DMA_GetFlagStatus
                0x00000000       0x54 ..\obj\stm32f30x_dma.o
 .text.DMA_ClearFlag
                0x00000000       0x34 ..\obj\stm32f30x_dma.o
 .text          0x00000000        0x0 ..\obj\gpio.o
 .data          0x00000000        0x0 ..\obj\gpio.o
 .bss           0x00000000        0x0 ..\obj\gpio.o
 .text          0x00000000        0x0 ..\obj\emul_eeprom.o
 .text          0x00000000        0x0 ..\obj\stm32f30x_exti.o
 .data          0x00000000        0x0 ..\obj\stm32f30x_exti.o
 .bss           0x00000000        0x0 ..\obj\stm32f30x_exti.o
 .text.EXTI_DeInit
                0x00000000       0x60 ..\obj\stm32f30x_exti.o
 .text.EXTI_StructInit
                0x00000000       0x2c ..\obj\stm32f30x_exti.o
 .text.EXTI_GenerateSWInterrupt
                0x00000000       0x40 ..\obj\stm32f30x_exti.o
 .text.EXTI_GetFlagStatus
                0x00000000       0x48 ..\obj\stm32f30x_exti.o
 .text.EXTI_ClearFlag
                0x00000000       0x34 ..\obj\stm32f30x_exti.o
 .text.EXTI_GetITStatus
                0x00000000       0x70 ..\obj\stm32f30x_exti.o
 .text          0x00000000        0x0 ..\obj\stm32f30x_spi.o
 .data          0x00000000        0x0 ..\obj\stm32f30x_spi.o
 .bss           0x00000000        0x0 ..\obj\stm32f30x_spi.o
 .text.SPI_I2S_DeInit
                0x00000000       0x74 ..\obj\stm32f30x_spi.o
 .text.SPI_StructInit
                0x00000000       0x4c ..\obj\stm32f30x_spi.o
 .text.SPI_Init
                0x00000000      0x118 ..\obj\stm32f30x_spi.o
 .text.I2S_StructInit
                0x00000000       0x38 ..\obj\stm32f30x_spi.o
 .text.SPI_Cmd  0x00000000       0x40 ..\obj\stm32f30x_spi.o
 .text.SPI_TIModeCmd
                0x00000000       0x40 ..\obj\stm32f30x_spi.o
 .text.SPI_DataSizeConfig
                0x00000000       0x38 ..\obj\stm32f30x_spi.o
 .text.SPI_RxFIFOThresholdConfig
                0x00000000       0x38 ..\obj\stm32f30x_spi.o
 .text.SPI_BiDirectionalLineConfig
                0x00000000       0x44 ..\obj\stm32f30x_spi.o
 .text.SPI_NSSInternalSoftwareConfig
                0x00000000       0x44 ..\obj\stm32f30x_spi.o
 .text.SPI_SSOutputCmd
                0x00000000       0x40 ..\obj\stm32f30x_spi.o
 .text.SPI_NSSPulseModeCmd
                0x00000000       0x40 ..\obj\stm32f30x_spi.o
 .text.SPI_SendData8
                0x00000000       0x2c ..\obj\stm32f30x_spi.o
 .text.SPI_I2S_SendData16
                0x00000000       0x20 ..\obj\stm32f30x_spi.o
 .text.SPI_ReceiveData8
                0x00000000       0x28 ..\obj\stm32f30x_spi.o
 .text.SPI_I2S_ReceiveData16
                0x00000000       0x1c ..\obj\stm32f30x_spi.o
 .text.SPI_CRCLengthConfig
                0x00000000       0x38 ..\obj\stm32f30x_spi.o
 .text.SPI_CalculateCRC
                0x00000000       0x40 ..\obj\stm32f30x_spi.o
 .text.SPI_TransmitCRC
                0x00000000       0x24 ..\obj\stm32f30x_spi.o
 .text.SPI_GetCRC
                0x00000000       0x34 ..\obj\stm32f30x_spi.o
 .text.SPI_GetCRCPolynomial
                0x00000000       0x1c ..\obj\stm32f30x_spi.o
 .text.SPI_LastDMATransferCmd
                0x00000000       0x38 ..\obj\stm32f30x_spi.o
 .text.SPI_I2S_ITConfig
                0x00000000       0x64 ..\obj\stm32f30x_spi.o
 .text.SPI_GetTransmissionFIFOStatus
                0x00000000       0x20 ..\obj\stm32f30x_spi.o
 .text.SPI_GetReceptionFIFOStatus
                0x00000000       0x20 ..\obj\stm32f30x_spi.o
 .text.SPI_I2S_GetFlagStatus
                0x00000000       0x38 ..\obj\stm32f30x_spi.o
 .text.SPI_I2S_ClearFlag
                0x00000000       0x24 ..\obj\stm32f30x_spi.o
 .text.SPI_I2S_GetITStatus
                0x00000000       0x78 ..\obj\stm32f30x_spi.o
 .text          0x00000000        0x0 ..\obj\indc_ctrl.o
 .text          0x00000000        0x0 ..\obj\system_stm32f30x_temp.o
 .data          0x00000000       0x14 ..\obj\system_stm32f30x_temp.o
 .bss           0x00000000        0x0 ..\obj\system_stm32f30x_temp.o
 .text.SystemCoreClockUpdate1
                0x00000000       0xd8 ..\obj\system_stm32f30x_temp.o
 .text          0x00000000        0x0 ..\obj\stm32f30x_misc.o
 .data          0x00000000        0x0 ..\obj\stm32f30x_misc.o
 .bss           0x00000000        0x0 ..\obj\stm32f30x_misc.o
 .text.NVIC_PriorityGroupConfig
                0x00000000       0x28 ..\obj\stm32f30x_misc.o
 .text.NVIC_SetVectorTable
                0x00000000       0x2c ..\obj\stm32f30x_misc.o
 .text.NVIC_SystemLPConfig
                0x00000000       0x44 ..\obj\stm32f30x_misc.o
 .text.SysTick_CLKSourceConfig
                0x00000000       0x38 ..\obj\stm32f30x_misc.o
 .text          0x00000000        0x0 ..\obj\stm32f30x_tim.o
 .data          0x00000000        0x0 ..\obj\stm32f30x_tim.o
 .bss           0x00000000        0x0 ..\obj\stm32f30x_tim.o
 .text.TIM_DeInit
                0x00000000      0x14c ..\obj\stm32f30x_tim.o
 .text.TIM_TimeBaseStructInit
                0x00000000       0x34 ..\obj\stm32f30x_tim.o
 .text.TIM_PrescalerConfig
                0x00000000       0x28 ..\obj\stm32f30x_tim.o
 .text.TIM_CounterModeConfig
                0x00000000       0x38 ..\obj\stm32f30x_tim.o
 .text.TIM_SetCounter
                0x00000000       0x1c ..\obj\stm32f30x_tim.o
 .text.TIM_SetAutoreload
                0x00000000       0x1c ..\obj\stm32f30x_tim.o
 .text.TIM_GetCounter
                0x00000000       0x18 ..\obj\stm32f30x_tim.o
 .text.TIM_GetPrescaler
                0x00000000       0x1c ..\obj\stm32f30x_tim.o
 .text.TIM_UpdateDisableConfig
                0x00000000       0x40 ..\obj\stm32f30x_tim.o
 .text.TIM_UpdateRequestConfig
                0x00000000       0x40 ..\obj\stm32f30x_tim.o
 .text.TIM_UIFRemap
                0x00000000       0x40 ..\obj\stm32f30x_tim.o
 .text.TIM_ARRPreloadConfig
                0x00000000       0x40 ..\obj\stm32f30x_tim.o
 .text.TIM_SelectOnePulseMode
                0x00000000       0x38 ..\obj\stm32f30x_tim.o
 .text.TIM_SetClockDivision
                0x00000000       0x38 ..\obj\stm32f30x_tim.o
 .text.TIM_OC1Init
                0x00000000      0x124 ..\obj\stm32f30x_tim.o
 .text.TIM_OC2Init
                0x00000000      0x104 ..\obj\stm32f30x_tim.o
 .text.TIM_OC3Init
                0x00000000       0xfc ..\obj\stm32f30x_tim.o
 .text.TIM_OC4Init
                0x00000000       0xc4 ..\obj\stm32f30x_tim.o
 .text.TIM_OC5Init
                0x00000000       0xb8 ..\obj\stm32f30x_tim.o
 .text.TIM_OC6Init
                0x00000000       0xb0 ..\obj\stm32f30x_tim.o
 .text.TIM_SelectGC5C1
                0x00000000       0x38 ..\obj\stm32f30x_tim.o
 .text.TIM_SelectGC5C2
                0x00000000       0x38 ..\obj\stm32f30x_tim.o
 .text.TIM_SelectGC5C3
                0x00000000       0x38 ..\obj\stm32f30x_tim.o
 .text.TIM_OCStructInit
                0x00000000       0x44 ..\obj\stm32f30x_tim.o
 .text.TIM_SelectOCxM
                0x00000000       0xac ..\obj\stm32f30x_tim.o
 .text.TIM_SetCompare1
                0x00000000       0x1c ..\obj\stm32f30x_tim.o
 .text.TIM_SetCompare2
                0x00000000       0x1c ..\obj\stm32f30x_tim.o
 .text.TIM_SetCompare3
                0x00000000       0x1c ..\obj\stm32f30x_tim.o
 .text.TIM_SetCompare4
                0x00000000       0x1c ..\obj\stm32f30x_tim.o
 .text.TIM_SetCompare5
                0x00000000       0x1c ..\obj\stm32f30x_tim.o
 .text.TIM_SetCompare6
                0x00000000       0x1c ..\obj\stm32f30x_tim.o
 .text.TIM_ForcedOC1Config
                0x00000000       0x3c ..\obj\stm32f30x_tim.o
 .text.TIM_ForcedOC2Config
                0x00000000       0x40 ..\obj\stm32f30x_tim.o
 .text.TIM_ForcedOC3Config
                0x00000000       0x38 ..\obj\stm32f30x_tim.o
 .text.TIM_ForcedOC4Config
                0x00000000       0x3c ..\obj\stm32f30x_tim.o
 .text.TIM_ForcedOC5Config
                0x00000000       0x38 ..\obj\stm32f30x_tim.o
 .text.TIM_ForcedOC6Config
                0x00000000       0x3c ..\obj\stm32f30x_tim.o
 .text.TIM_OC1PreloadConfig
                0x00000000       0x38 ..\obj\stm32f30x_tim.o
 .text.TIM_OC2PreloadConfig
                0x00000000       0x3c ..\obj\stm32f30x_tim.o
 .text.TIM_OC3PreloadConfig
                0x00000000       0x38 ..\obj\stm32f30x_tim.o
 .text.TIM_OC4PreloadConfig
                0x00000000       0x3c ..\obj\stm32f30x_tim.o
 .text.TIM_OC5PreloadConfig
                0x00000000       0x38 ..\obj\stm32f30x_tim.o
 .text.TIM_OC6PreloadConfig
                0x00000000       0x3c ..\obj\stm32f30x_tim.o
 .text.TIM_OC1FastConfig
                0x00000000       0x38 ..\obj\stm32f30x_tim.o
 .text.TIM_OC2FastConfig
                0x00000000       0x3c ..\obj\stm32f30x_tim.o
 .text.TIM_OC3FastConfig
                0x00000000       0x38 ..\obj\stm32f30x_tim.o
 .text.TIM_OC4FastConfig
                0x00000000       0x3c ..\obj\stm32f30x_tim.o
 .text.TIM_ClearOC1Ref
                0x00000000       0x38 ..\obj\stm32f30x_tim.o
 .text.TIM_ClearOC2Ref
                0x00000000       0x3c ..\obj\stm32f30x_tim.o
 .text.TIM_ClearOC3Ref
                0x00000000       0x38 ..\obj\stm32f30x_tim.o
 .text.TIM_ClearOC4Ref
                0x00000000       0x3c ..\obj\stm32f30x_tim.o
 .text.TIM_ClearOC5Ref
                0x00000000       0x38 ..\obj\stm32f30x_tim.o
 .text.TIM_ClearOC6Ref
                0x00000000       0x3c ..\obj\stm32f30x_tim.o
 .text.TIM_SelectOCREFClear
                0x00000000       0x34 ..\obj\stm32f30x_tim.o
 .text.TIM_OC1PolarityConfig
                0x00000000       0x38 ..\obj\stm32f30x_tim.o
 .text.TIM_OC1NPolarityConfig
                0x00000000       0x38 ..\obj\stm32f30x_tim.o
 .text.TIM_OC2PolarityConfig
                0x00000000       0x3c ..\obj\stm32f30x_tim.o
 .text.TIM_OC2NPolarityConfig
                0x00000000       0x3c ..\obj\stm32f30x_tim.o
 .text.TIM_OC3PolarityConfig
                0x00000000       0x3c ..\obj\stm32f30x_tim.o
 .text.TIM_OC3NPolarityConfig
                0x00000000       0x3c ..\obj\stm32f30x_tim.o
 .text.TIM_OC4PolarityConfig
                0x00000000       0x3c ..\obj\stm32f30x_tim.o
 .text.TIM_OC5PolarityConfig
                0x00000000       0x3c ..\obj\stm32f30x_tim.o
 .text.TIM_OC6PolarityConfig
                0x00000000       0x3c ..\obj\stm32f30x_tim.o
 .text.TIM_CCxCmd
                0x00000000       0x4c ..\obj\stm32f30x_tim.o
 .text.TIM_CCxNCmd
                0x00000000       0x4c ..\obj\stm32f30x_tim.o
 .text.TIM_ICInit
                0x00000000       0xa8 ..\obj\stm32f30x_tim.o
 .text.TIM_ICStructInit
                0x00000000       0x34 ..\obj\stm32f30x_tim.o
 .text.TIM_PWMIConfig
                0x00000000       0xb8 ..\obj\stm32f30x_tim.o
 .text.TIM_GetCapture1
                0x00000000       0x18 ..\obj\stm32f30x_tim.o
 .text.TIM_GetCapture2
                0x00000000       0x18 ..\obj\stm32f30x_tim.o
 .text.TIM_GetCapture3
                0x00000000       0x18 ..\obj\stm32f30x_tim.o
 .text.TIM_GetCapture4
                0x00000000       0x18 ..\obj\stm32f30x_tim.o
 .text.TIM_SetIC1Prescaler
                0x00000000       0x30 ..\obj\stm32f30x_tim.o
 .text.TIM_SetIC2Prescaler
                0x00000000       0x34 ..\obj\stm32f30x_tim.o
 .text.TIM_SetIC3Prescaler
                0x00000000       0x34 ..\obj\stm32f30x_tim.o
 .text.TIM_SetIC4Prescaler
                0x00000000       0x38 ..\obj\stm32f30x_tim.o
 .text.TIM_BDTRConfig
                0x00000000       0x50 ..\obj\stm32f30x_tim.o
 .text.TIM_Break1Config
                0x00000000       0x38 ..\obj\stm32f30x_tim.o
 .text.TIM_Break2Config
                0x00000000       0x38 ..\obj\stm32f30x_tim.o
 .text.TIM_Break1Cmd
                0x00000000       0x38 ..\obj\stm32f30x_tim.o
 .text.TIM_Break2Cmd
                0x00000000       0x38 ..\obj\stm32f30x_tim.o
 .text.TIM_BDTRStructInit
                0x00000000       0x40 ..\obj\stm32f30x_tim.o
 .text.TIM_CtrlPWMOutputs
                0x00000000       0x38 ..\obj\stm32f30x_tim.o
 .text.TIM_SelectCOM
                0x00000000       0x3c ..\obj\stm32f30x_tim.o
 .text.TIM_CCPreloadControl
                0x00000000       0x3c ..\obj\stm32f30x_tim.o
 .text.TIM_GenerateEvent
                0x00000000       0x20 ..\obj\stm32f30x_tim.o
 .text.TIM_GetFlagStatus
                0x00000000       0x34 ..\obj\stm32f30x_tim.o
 .text.TIM_ClearFlag
                0x00000000       0x24 ..\obj\stm32f30x_tim.o
 .text.TIM_GetITStatus
                0x00000000       0x54 ..\obj\stm32f30x_tim.o
 .text.TIM_DMAConfig
                0x00000000       0x2c ..\obj\stm32f30x_tim.o
 .text.TIM_DMACmd
                0x00000000       0x40 ..\obj\stm32f30x_tim.o
 .text.TIM_SelectCCDMA
                0x00000000       0x3c ..\obj\stm32f30x_tim.o
 .text.TIM_InternalClockConfig
                0x00000000       0x24 ..\obj\stm32f30x_tim.o
 .text.TIM_ITRxExternalClockConfig
                0x00000000       0x2c ..\obj\stm32f30x_tim.o
 .text.TIM_TIxExternalClockConfig
                0x00000000       0x58 ..\obj\stm32f30x_tim.o
 .text.TIM_ETRClockMode1Config
                0x00000000       0x60 ..\obj\stm32f30x_tim.o
 .text.TIM_ETRClockMode2Config
                0x00000000       0x3c ..\obj\stm32f30x_tim.o
 .text.TIM_SelectInputTrigger
                0x00000000       0x38 ..\obj\stm32f30x_tim.o
 .text.TIM_SelectOutputTrigger
                0x00000000       0x34 ..\obj\stm32f30x_tim.o
 .text.TIM_SelectOutputTrigger2
                0x00000000       0x30 ..\obj\stm32f30x_tim.o
 .text.TIM_SelectSlaveMode
                0x00000000       0x34 ..\obj\stm32f30x_tim.o
 .text.TIM_SelectMasterSlaveMode
                0x00000000       0x34 ..\obj\stm32f30x_tim.o
 .text.TIM_ETRConfig
                0x00000000       0x54 ..\obj\stm32f30x_tim.o
 .text.TIM_EncoderInterfaceConfig
                0x00000000       0x98 ..\obj\stm32f30x_tim.o
 .text.TIM_SelectHallSensor
                0x00000000       0x3c ..\obj\stm32f30x_tim.o
 .text.TIM_RemapConfig
                0x00000000       0x20 ..\obj\stm32f30x_tim.o
 .text.TI1_Config
                0x00000000       0x80 ..\obj\stm32f30x_tim.o
 .text.TI2_Config
                0x00000000       0x98 ..\obj\stm32f30x_tim.o
 .text.TI3_Config
                0x00000000       0x90 ..\obj\stm32f30x_tim.o
 .text.TI4_Config
                0x00000000       0x9c ..\obj\stm32f30x_tim.o
 .text          0x00000000        0x0 ..\obj\adc.o
 .data          0x00000000        0x0 ..\obj\adc.o
 .text          0x00000000        0x0 ..\obj\i2s.o
 .data          0x00000000        0x0 ..\obj\i2s.o
 .text          0x00000000       0x14 ..\obj\startup_stm32f30x.o
 .data          0x00000000        0x0 ..\obj\startup_stm32f30x.o
 .bss           0x00000000        0x0 ..\obj\startup_stm32f30x.o
 .text          0x00000000        0x0 ..\obj\stm32f30x_syscfg.o
 .data          0x00000000        0x0 ..\obj\stm32f30x_syscfg.o
 .bss           0x00000000        0x0 ..\obj\stm32f30x_syscfg.o
 .text.SYSCFG_DeInit
                0x00000000       0x50 ..\obj\stm32f30x_syscfg.o
 .text.SYSCFG_MemoryRemapConfig
                0x00000000       0x38 ..\obj\stm32f30x_syscfg.o
 .text.SYSCFG_DMAChannelRemapConfig
                0x00000000       0x40 ..\obj\stm32f30x_syscfg.o
 .text.SYSCFG_TriggerRemapConfig
                0x00000000       0x40 ..\obj\stm32f30x_syscfg.o
 .text.SYSCFG_EncoderRemapConfig
                0x00000000       0x30 ..\obj\stm32f30x_syscfg.o
 .text.SYSCFG_USBInterruptLineRemapCmd
                0x00000000       0x20 ..\obj\stm32f30x_syscfg.o
 .text.SYSCFG_I2CFastModePlusConfig
                0x00000000       0x40 ..\obj\stm32f30x_syscfg.o
 .text.SYSCFG_ITConfig
                0x00000000       0x40 ..\obj\stm32f30x_syscfg.o
 .text.SYSCFG_BreakConfig
                0x00000000       0x24 ..\obj\stm32f30x_syscfg.o
 .text.SYSCFG_BypassParityCheckDisable
                0x00000000       0x18 ..\obj\stm32f30x_syscfg.o
 .text.SYSCFG_SRAMWRPEnable
                0x00000000       0x24 ..\obj\stm32f30x_syscfg.o
 .text.SYSCFG_GetFlagStatus
                0x00000000       0x34 ..\obj\stm32f30x_syscfg.o
 .text.SYSCFG_ClearFlag
                0x00000000       0x24 ..\obj\stm32f30x_syscfg.o
 .text          0x00000000        0x0 ..\obj\signal_prcs.o
 .data          0x00000000        0x0 ..\obj\signal_prcs.o
 .bss           0x00000000        0x0 ..\obj\signal_prcs.o
 .text          0x00000000        0x0 ..\obj\clock.o
 .data          0x00000000        0x0 ..\obj\clock.o
 .bss           0x00000000        0x0 ..\obj\clock.o
 .text          0x00000000        0x0 ..\..\..\..\..\..\..\Program Files (x86)\GNU Tools ARM Embedded\5.3 2016q1\arm-none-eabi\lib\armv7e-m\fpu\libm.a(lib_a-sf_round.o)
 .data          0x00000000        0x0 ..\..\..\..\..\..\..\Program Files (x86)\GNU Tools ARM Embedded\5.3 2016q1\arm-none-eabi\lib\armv7e-m\fpu\libm.a(lib_a-sf_round.o)
 .bss           0x00000000        0x0 ..\..\..\..\..\..\..\Program Files (x86)\GNU Tools ARM Embedded\5.3 2016q1\arm-none-eabi\lib\armv7e-m\fpu\libm.a(lib_a-sf_round.o)
 .text          0x00000000        0x0 ..\..\..\..\..\..\..\Program Files (x86)\GNU Tools ARM Embedded\5.3 2016q1\arm-none-eabi\lib\armv7e-m\fpu\libm.a(lib_a-wf_pow.o)
 .data          0x00000000        0x0 ..\..\..\..\..\..\..\Program Files (x86)\GNU Tools ARM Embedded\5.3 2016q1\arm-none-eabi\lib\armv7e-m\fpu\libm.a(lib_a-wf_pow.o)
 .bss           0x00000000        0x0 ..\..\..\..\..\..\..\Program Files (x86)\GNU Tools ARM Embedded\5.3 2016q1\arm-none-eabi\lib\armv7e-m\fpu\libm.a(lib_a-wf_pow.o)
 .text          0x00000000        0x0 ..\..\..\..\..\..\..\Program Files (x86)\GNU Tools ARM Embedded\5.3 2016q1\arm-none-eabi\lib\armv7e-m\fpu\libm.a(lib_a-ef_pow.o)
 .data          0x00000000        0x0 ..\..\..\..\..\..\..\Program Files (x86)\GNU Tools ARM Embedded\5.3 2016q1\arm-none-eabi\lib\armv7e-m\fpu\libm.a(lib_a-ef_pow.o)
 .bss           0x00000000        0x0 ..\..\..\..\..\..\..\Program Files (x86)\GNU Tools ARM Embedded\5.3 2016q1\arm-none-eabi\lib\armv7e-m\fpu\libm.a(lib_a-ef_pow.o)
 .text          0x00000000        0x0 ..\..\..\..\..\..\..\Program Files (x86)\GNU Tools ARM Embedded\5.3 2016q1\arm-none-eabi\lib\armv7e-m\fpu\libm.a(lib_a-ef_sqrt.o)
 .data          0x00000000        0x0 ..\..\..\..\..\..\..\Program Files (x86)\GNU Tools ARM Embedded\5.3 2016q1\arm-none-eabi\lib\armv7e-m\fpu\libm.a(lib_a-ef_sqrt.o)
 .bss           0x00000000        0x0 ..\..\..\..\..\..\..\Program Files (x86)\GNU Tools ARM Embedded\5.3 2016q1\arm-none-eabi\lib\armv7e-m\fpu\libm.a(lib_a-ef_sqrt.o)
 .text          0x00000000        0x0 ..\..\..\..\..\..\..\Program Files (x86)\GNU Tools ARM Embedded\5.3 2016q1\arm-none-eabi\lib\armv7e-m\fpu\libm.a(lib_a-s_lib_ver.o)
 .data          0x00000000        0x0 ..\..\..\..\..\..\..\Program Files (x86)\GNU Tools ARM Embedded\5.3 2016q1\arm-none-eabi\lib\armv7e-m\fpu\libm.a(lib_a-s_lib_ver.o)
 .bss           0x00000000        0x0 ..\..\..\..\..\..\..\Program Files (x86)\GNU Tools ARM Embedded\5.3 2016q1\arm-none-eabi\lib\armv7e-m\fpu\libm.a(lib_a-s_lib_ver.o)
 .text          0x00000000        0x0 ..\..\..\..\..\..\..\Program Files (x86)\GNU Tools ARM Embedded\5.3 2016q1\arm-none-eabi\lib\armv7e-m\fpu\libm.a(lib_a-s_matherr.o)
 .data          0x00000000        0x0 ..\..\..\..\..\..\..\Program Files (x86)\GNU Tools ARM Embedded\5.3 2016q1\arm-none-eabi\lib\armv7e-m\fpu\libm.a(lib_a-s_matherr.o)
 .bss           0x00000000        0x0 ..\..\..\..\..\..\..\Program Files (x86)\GNU Tools ARM Embedded\5.3 2016q1\arm-none-eabi\lib\armv7e-m\fpu\libm.a(lib_a-s_matherr.o)
 .text          0x00000000        0x0 ..\..\..\..\..\..\..\Program Files (x86)\GNU Tools ARM Embedded\5.3 2016q1\arm-none-eabi\lib\armv7e-m\fpu\libm.a(lib_a-s_rint.o)
 .data          0x00000000        0x0 ..\..\..\..\..\..\..\Program Files (x86)\GNU Tools ARM Embedded\5.3 2016q1\arm-none-eabi\lib\armv7e-m\fpu\libm.a(lib_a-s_rint.o)
 .bss           0x00000000        0x0 ..\..\..\..\..\..\..\Program Files (x86)\GNU Tools ARM Embedded\5.3 2016q1\arm-none-eabi\lib\armv7e-m\fpu\libm.a(lib_a-s_rint.o)
 .text          0x00000000        0x0 ..\..\..\..\..\..\..\Program Files (x86)\GNU Tools ARM Embedded\5.3 2016q1\arm-none-eabi\lib\armv7e-m\fpu\libm.a(lib_a-sf_fabs.o)
 .data          0x00000000        0x0 ..\..\..\..\..\..\..\Program Files (x86)\GNU Tools ARM Embedded\5.3 2016q1\arm-none-eabi\lib\armv7e-m\fpu\libm.a(lib_a-sf_fabs.o)
 .bss           0x00000000        0x0 ..\..\..\..\..\..\..\Program Files (x86)\GNU Tools ARM Embedded\5.3 2016q1\arm-none-eabi\lib\armv7e-m\fpu\libm.a(lib_a-sf_fabs.o)
 .text          0x00000000        0x0 ..\..\..\..\..\..\..\Program Files (x86)\GNU Tools ARM Embedded\5.3 2016q1\arm-none-eabi\lib\armv7e-m\fpu\libm.a(lib_a-sf_finite.o)
 .data          0x00000000        0x0 ..\..\..\..\..\..\..\Program Files (x86)\GNU Tools ARM Embedded\5.3 2016q1\arm-none-eabi\lib\armv7e-m\fpu\libm.a(lib_a-sf_finite.o)
 .bss           0x00000000        0x0 ..\..\..\..\..\..\..\Program Files (x86)\GNU Tools ARM Embedded\5.3 2016q1\arm-none-eabi\lib\armv7e-m\fpu\libm.a(lib_a-sf_finite.o)
 .text          0x00000000        0x0 ..\..\..\..\..\..\..\Program Files (x86)\GNU Tools ARM Embedded\5.3 2016q1\arm-none-eabi\lib\armv7e-m\fpu\libm.a(lib_a-sf_nan.o)
 .data          0x00000000        0x0 ..\..\..\..\..\..\..\Program Files (x86)\GNU Tools ARM Embedded\5.3 2016q1\arm-none-eabi\lib\armv7e-m\fpu\libm.a(lib_a-sf_nan.o)
 .bss           0x00000000        0x0 ..\..\..\..\..\..\..\Program Files (x86)\GNU Tools ARM Embedded\5.3 2016q1\arm-none-eabi\lib\armv7e-m\fpu\libm.a(lib_a-sf_nan.o)
 .text          0x00000000        0x0 ..\..\..\..\..\..\..\Program Files (x86)\GNU Tools ARM Embedded\5.3 2016q1\arm-none-eabi\lib\armv7e-m\fpu\libm.a(lib_a-sf_scalbn.o)
 .data          0x00000000        0x0 ..\..\..\..\..\..\..\Program Files (x86)\GNU Tools ARM Embedded\5.3 2016q1\arm-none-eabi\lib\armv7e-m\fpu\libm.a(lib_a-sf_scalbn.o)
 .bss           0x00000000        0x0 ..\..\..\..\..\..\..\Program Files (x86)\GNU Tools ARM Embedded\5.3 2016q1\arm-none-eabi\lib\armv7e-m\fpu\libm.a(lib_a-sf_scalbn.o)
 .text          0x00000000        0x0 ..\..\..\..\..\..\..\Program Files (x86)\GNU Tools ARM Embedded\5.3 2016q1\arm-none-eabi\lib\armv7e-m\fpu\libm.a(lib_a-sf_copysign.o)
 .data          0x00000000        0x0 ..\..\..\..\..\..\..\Program Files (x86)\GNU Tools ARM Embedded\5.3 2016q1\arm-none-eabi\lib\armv7e-m\fpu\libm.a(lib_a-sf_copysign.o)
 .bss           0x00000000        0x0 ..\..\..\..\..\..\..\Program Files (x86)\GNU Tools ARM Embedded\5.3 2016q1\arm-none-eabi\lib\armv7e-m\fpu\libm.a(lib_a-sf_copysign.o)
 .data          0x00000000        0x0 c:/program files (x86)/gnu tools arm embedded/5.3 2016q1/bin/../lib/gcc/arm-none-eabi/5.3.1/armv7e-m/fpu\libgcc.a(_arm_addsubdf3.o)
 .bss           0x00000000        0x0 c:/program files (x86)/gnu tools arm embedded/5.3 2016q1/bin/../lib/gcc/arm-none-eabi/5.3.1/armv7e-m/fpu\libgcc.a(_arm_addsubdf3.o)
 .data          0x00000000        0x0 c:/program files (x86)/gnu tools arm embedded/5.3 2016q1/bin/../lib/gcc/arm-none-eabi/5.3.1/armv7e-m/fpu\libgcc.a(_arm_muldivdf3.o)
 .bss           0x00000000        0x0 c:/program files (x86)/gnu tools arm embedded/5.3 2016q1/bin/../lib/gcc/arm-none-eabi/5.3.1/armv7e-m/fpu\libgcc.a(_arm_muldivdf3.o)
 .data          0x00000000        0x0 c:/program files (x86)/gnu tools arm embedded/5.3 2016q1/bin/../lib/gcc/arm-none-eabi/5.3.1/armv7e-m/fpu\libgcc.a(_arm_cmpdf2.o)
 .bss           0x00000000        0x0 c:/program files (x86)/gnu tools arm embedded/5.3 2016q1/bin/../lib/gcc/arm-none-eabi/5.3.1/armv7e-m/fpu\libgcc.a(_arm_cmpdf2.o)
 .data          0x00000000        0x0 c:/program files (x86)/gnu tools arm embedded/5.3 2016q1/bin/../lib/gcc/arm-none-eabi/5.3.1/armv7e-m/fpu\libgcc.a(_arm_truncdfsf2.o)
 .bss           0x00000000        0x0 c:/program files (x86)/gnu tools arm embedded/5.3 2016q1/bin/../lib/gcc/arm-none-eabi/5.3.1/armv7e-m/fpu\libgcc.a(_arm_truncdfsf2.o)
 .text          0x00000000        0x0 ..\..\..\..\..\..\..\Program Files (x86)\GNU Tools ARM Embedded\5.3 2016q1\arm-none-eabi\lib\armv7e-m\fpu\libg.a(lib_a-errno.o)
 .data          0x00000000        0x0 ..\..\..\..\..\..\..\Program Files (x86)\GNU Tools ARM Embedded\5.3 2016q1\arm-none-eabi\lib\armv7e-m\fpu\libg.a(lib_a-errno.o)
 .bss           0x00000000        0x0 ..\..\..\..\..\..\..\Program Files (x86)\GNU Tools ARM Embedded\5.3 2016q1\arm-none-eabi\lib\armv7e-m\fpu\libg.a(lib_a-errno.o)
 .text          0x00000000        0x0 ..\..\..\..\..\..\..\Program Files (x86)\GNU Tools ARM Embedded\5.3 2016q1\arm-none-eabi\lib\armv7e-m\fpu\libg.a(lib_a-impure.o)
 .data          0x00000000        0x0 ..\..\..\..\..\..\..\Program Files (x86)\GNU Tools ARM Embedded\5.3 2016q1\arm-none-eabi\lib\armv7e-m\fpu\libg.a(lib_a-impure.o)
 .bss           0x00000000        0x0 ..\..\..\..\..\..\..\Program Files (x86)\GNU Tools ARM Embedded\5.3 2016q1\arm-none-eabi\lib\armv7e-m\fpu\libg.a(lib_a-impure.o)
 .rodata._global_impure_ptr
                0x00000000        0x4 ..\..\..\..\..\..\..\Program Files (x86)\GNU Tools ARM Embedded\5.3 2016q1\arm-none-eabi\lib\armv7e-m\fpu\libg.a(lib_a-impure.o)

Memory Configuration

Name             Origin             Length             Attributes
rom              0x08000000         0x00040000         xr
ram              0x20000000         0x0000a000         xrw
ram1             0x10000000         0x00002000         xrw
*default*        0x00000000         0xffffffff

Linker script and memory map

                0x2000a000                _eram = 0x2000a000

.text           0x08000000     0x40b4
 *(.isr_vector)
 .isr_vector    0x08000000      0x188 ..\obj\startup_stm32f30x.o
                0x08000000                g_pfnVectors
 *(.text*)
 .text.RCC_DeInit
                0x08000188       0x7c ..\obj\stm32f30x_rcc.o
                0x08000188                RCC_DeInit
 .text.RCC_HSEConfig
                0x08000204       0x28 ..\obj\stm32f30x_rcc.o
                0x08000204                RCC_HSEConfig
 .text.RCC_HSICmd
                0x0800022c       0x20 ..\obj\stm32f30x_rcc.o
                0x0800022c                RCC_HSICmd
 .text.RCC_PLLConfig
                0x0800024c       0x38 ..\obj\stm32f30x_rcc.o
                0x0800024c                RCC_PLLConfig
 .text.RCC_PLLCmd
                0x08000284       0x20 ..\obj\stm32f30x_rcc.o
                0x08000284                RCC_PLLCmd
 .text.RCC_SYSCLKConfig
                0x080002a4       0x38 ..\obj\stm32f30x_rcc.o
                0x080002a4                RCC_SYSCLKConfig
 .text.RCC_GetSYSCLKSource
                0x080002dc       0x20 ..\obj\stm32f30x_rcc.o
                0x080002dc                RCC_GetSYSCLKSource
 .text.RCC_HCLKConfig
                0x080002fc       0x38 ..\obj\stm32f30x_rcc.o
                0x080002fc                RCC_HCLKConfig
 .text.RCC_PCLK1Config
                0x08000334       0x38 ..\obj\stm32f30x_rcc.o
                0x08000334                RCC_PCLK1Config
 .text.RCC_PCLK2Config
                0x0800036c       0x3c ..\obj\stm32f30x_rcc.o
                0x0800036c                RCC_PCLK2Config
 .text.RCC_GetClocksFreq
                0x080003a8      0x418 ..\obj\stm32f30x_rcc.o
                0x080003a8                RCC_GetClocksFreq
 .text.RCC_ADCCLKConfig
                0x080007c0       0x50 ..\obj\stm32f30x_rcc.o
                0x080007c0                RCC_ADCCLKConfig
 .text.RCC_I2SCLKConfig
                0x08000810       0x20 ..\obj\stm32f30x_rcc.o
                0x08000810                RCC_I2SCLKConfig
 .text.RCC_AHBPeriphClockCmd
                0x08000830       0x40 ..\obj\stm32f30x_rcc.o
                0x08000830                RCC_AHBPeriphClockCmd
 .text.RCC_APB2PeriphClockCmd
                0x08000870       0x40 ..\obj\stm32f30x_rcc.o
                0x08000870                RCC_APB2PeriphClockCmd
 .text.RCC_APB1PeriphClockCmd
                0x080008b0       0x40 ..\obj\stm32f30x_rcc.o
                0x080008b0                RCC_APB1PeriphClockCmd
 .text.RCC_GetFlagStatus
                0x080008f0       0x84 ..\obj\stm32f30x_rcc.o
                0x080008f0                RCC_GetFlagStatus
 .text.FLASH_Unlock
                0x08000974       0x34 ..\obj\stm32f30x_flash.o
                0x08000974                FLASH_Unlock
 .text.FLASH_Lock
                0x080009a8       0x20 ..\obj\stm32f30x_flash.o
                0x080009a8                FLASH_Lock
 .text.FLASH_ErasePage
                0x080009c8       0x64 ..\obj\stm32f30x_flash.o
                0x080009c8                FLASH_ErasePage
 .text.FLASH_ProgramWord
                0x08000a2c       0x90 ..\obj\stm32f30x_flash.o
                0x08000a2c                FLASH_ProgramWord
 .text.FLASH_ClearFlag
                0x08000abc       0x20 ..\obj\stm32f30x_flash.o
                0x08000abc                FLASH_ClearFlag
 .text.FLASH_GetStatus
                0x08000adc       0x58 ..\obj\stm32f30x_flash.o
                0x08000adc                FLASH_GetStatus
 .text.FLASH_WaitForLastOperation
                0x08000b34       0x44 ..\obj\stm32f30x_flash.o
                0x08000b34                FLASH_WaitForLastOperation
 .text.ADC_Init
                0x08000b78       0x84 ..\obj\stm32f30x_adc.o
                0x08000b78                ADC_Init
 .text.ADC_CommonInit
                0x08000bfc       0x9c ..\obj\stm32f30x_adc.o
                0x08000bfc                ADC_CommonInit
 .text.ADC_Cmd  0x08000c98       0x38 ..\obj\stm32f30x_adc.o
                0x08000c98                ADC_Cmd
 .text.ADC_RegularChannelConfig
                0x08000cd0      0x1f0 ..\obj\stm32f30x_adc.o
                0x08000cd0                ADC_RegularChannelConfig
 .text.ADC_StartConversion
                0x08000ec0       0x20 ..\obj\stm32f30x_adc.o
                0x08000ec0                ADC_StartConversion
 .text.ADC_GetConversionValue
                0x08000ee0       0x1c ..\obj\stm32f30x_adc.o
                0x08000ee0                ADC_GetConversionValue
 .text.ADC_DMACmd
                0x08000efc       0x38 ..\obj\stm32f30x_adc.o
                0x08000efc                ADC_DMACmd
 .text.ADC_DMAConfig
                0x08000f34       0x30 ..\obj\stm32f30x_adc.o
                0x08000f34                ADC_DMAConfig
 .text.GPIO_Init
                0x08000f64      0x130 ..\obj\stm32f30x_gpio.o
                0x08000f64                GPIO_Init
 .text.GPIO_ReadInputDataBit
                0x08001094       0x38 ..\obj\stm32f30x_gpio.o
                0x08001094                GPIO_ReadInputDataBit
 .text.GPIO_PinAFConfig
                0x080010cc       0x94 ..\obj\stm32f30x_gpio.o
                0x080010cc                GPIO_PinAFConfig
 .text.main     0x08001160       0x88 ..\obj\main.o
                0x08001160                main
 .text.DMA1_Channel5_IRQHandler
                0x080011e8       0x44 ..\obj\main.o
                0x080011e8                DMA1_Channel5_IRQHandler
 .text.DMA1_Channel4_IRQHandler
                0x0800122c       0x10 ..\obj\main.o
                0x0800122c                DMA1_Channel4_IRQHandler
 .text.signal_proc
                0x0800123c      0x134 ..\obj\main.o
                0x0800123c                signal_proc
 .text.DMA_Init
                0x08001370       0x80 ..\obj\stm32f30x_dma.o
                0x08001370                DMA_Init
 .text.DMA_Cmd  0x080013f0       0x3c ..\obj\stm32f30x_dma.o
                0x080013f0                DMA_Cmd
 .text.DMA_ITConfig
                0x0800142c       0x3c ..\obj\stm32f30x_dma.o
                0x0800142c                DMA_ITConfig
 .text.DMA_GetITStatus
                0x08001468       0x54 ..\obj\stm32f30x_dma.o
                0x08001468                DMA_GetITStatus
 .text.DMA_ClearITPendingBit
                0x080014bc       0x34 ..\obj\stm32f30x_dma.o
                0x080014bc                DMA_ClearITPendingBit
 .text.gpio_init
                0x080014f0       0xf8 ..\obj\gpio.o
                0x080014f0                gpio_init
 .text.flash_write
                0x080015e8       0x5c ..\obj\emul_eeprom.o
                0x080015e8                flash_write
 .text.flash_read
                0x08001644       0x38 ..\obj\emul_eeprom.o
                0x08001644                flash_read
 .text.EXTI_Init
                0x0800167c      0x1f8 ..\obj\stm32f30x_exti.o
                0x0800167c                EXTI_Init
 .text.EXTI_ClearITPendingBit
                0x08001874       0x34 ..\obj\stm32f30x_exti.o
                0x08001874                EXTI_ClearITPendingBit
 .text.I2S_Init
                0x080018a8      0x17c ..\obj\stm32f30x_spi.o
                0x080018a8                I2S_Init
 .text.I2S_Cmd  0x08001a24       0x40 ..\obj\stm32f30x_spi.o
                0x08001a24                I2S_Cmd
 .text.I2S_FullDuplexConfig
                0x08001a64       0x9c ..\obj\stm32f30x_spi.o
                0x08001a64                I2S_FullDuplexConfig
 .text.SPI_I2S_DMACmd
                0x08001b00       0x48 ..\obj\stm32f30x_spi.o
                0x08001b00                SPI_I2S_DMACmd
 .text.timer_init
                0x08001b48       0x68 ..\obj\indc_ctrl.o
                0x08001b48                timer_init
 .text.TIM7_IRQHandler
                0x08001bb0       0x1c ..\obj\indc_ctrl.o
                0x08001bb0                TIM7_IRQHandler
 .text.show_num
                0x08001bcc      0x178 ..\obj\indc_ctrl.o
                0x08001bcc                show_num
 .text.ext_init
                0x08001d44       0x70 ..\obj\indc_ctrl.o
                0x08001d44                ext_init
 .text.EXTI9_5_IRQHandler
                0x08001db4       0x20 ..\obj\indc_ctrl.o
                0x08001db4                EXTI9_5_IRQHandler
 .text.button_handling
                0x08001dd4      0x128 ..\obj\indc_ctrl.o
                0x08001dd4                button_handling
 .text.indicator_handling
                0x08001efc      0x194 ..\obj\indc_ctrl.o
                0x08001efc                indicator_handling
 .text.SystemInit1
                0x08002090       0x94 ..\obj\system_stm32f30x_temp.o
                0x08002090                SystemInit
                0x08002090                SystemInit1
 .text.SetSysClock1
                0x08002124       0xe4 ..\obj\system_stm32f30x_temp.o
                0x08002124                SetSysClock
 .text.NVIC_Init
                0x08002208       0xc8 ..\obj\stm32f30x_misc.o
                0x08002208                NVIC_Init
 .text.TIM_TimeBaseInit
                0x080022d0       0xf0 ..\obj\stm32f30x_tim.o
                0x080022d0                TIM_TimeBaseInit
 .text.TIM_Cmd  0x080023c0       0x40 ..\obj\stm32f30x_tim.o
                0x080023c0                TIM_Cmd
 .text.TIM_ITConfig
                0x08002400       0x40 ..\obj\stm32f30x_tim.o
                0x08002400                TIM_ITConfig
 .text.TIM_ClearITPendingBit
                0x08002440       0x24 ..\obj\stm32f30x_tim.o
                0x08002440                TIM_ClearITPendingBit
 .text.adc_init
                0x08002464      0x118 ..\obj\adc.o
                0x08002464                adc_init
 .text.read_adc
                0x0800257c       0x28 ..\obj\adc.o
                0x0800257c                read_adc
 .text.i2s_init
                0x080025a4      0x174 ..\obj\i2s.o
                0x080025a4                i2s_init
 .text.Reset_Handler
                0x08002718       0x44 ..\obj\startup_stm32f30x.o
                0x08002718                Reset_Handler
 .text.Default_Handler
                0x0800275c        0x2 ..\obj\startup_stm32f30x.o
                0x0800275c                RTC_Alarm_IRQHandler
                0x0800275c                TIM8_TRG_COM_IRQHandler
                0x0800275c                TIM8_CC_IRQHandler
                0x0800275c                DebugMon_Handler
                0x0800275c                TIM1_CC_IRQHandler
                0x0800275c                HardFault_Handler
                0x0800275c                USB_HP_IRQHandler
                0x0800275c                SysTick_Handler
                0x0800275c                PVD_IRQHandler
                0x0800275c                PendSV_Handler
                0x0800275c                NMI_Handler
                0x0800275c                EXTI3_IRQHandler
                0x0800275c                EXTI0_IRQHandler
                0x0800275c                I2C2_EV_IRQHandler
                0x0800275c                FPU_IRQHandler
                0x0800275c                EXTI2_TS_IRQHandler
                0x0800275c                TIM1_UP_TIM16_IRQHandler
                0x0800275c                UsageFault_Handler
                0x0800275c                ADC1_2_IRQHandler
                0x0800275c                SPI1_IRQHandler
                0x0800275c                TIM6_DAC_IRQHandler
                0x0800275c                TIM8_UP_IRQHandler
                0x0800275c                DMA2_Channel2_IRQHandler
                0x0800275c                USART3_IRQHandler
                0x0800275c                DMA1_Channel7_IRQHandler
                0x0800275c                CAN1_RX1_IRQHandler
                0x0800275c                UART5_IRQHandler
                0x0800275c                ADC3_IRQHandler
                0x0800275c                TIM4_IRQHandler
                0x0800275c                DMA2_Channel1_IRQHandler
                0x0800275c                I2C1_EV_IRQHandler
                0x0800275c                DMA1_Channel6_IRQHandler
                0x0800275c                UART4_IRQHandler
                0x0800275c                DMA2_Channel4_IRQHandler
                0x0800275c                TIM3_IRQHandler
                0x0800275c                RCC_IRQHandler
                0x0800275c                DMA1_Channel1_IRQHandler
                0x0800275c                Default_Handler
                0x0800275c                USBWakeUp_RMP_IRQHandler
                0x0800275c                EXTI15_10_IRQHandler
                0x0800275c                TAMPER_STAMP_IRQHandler
                0x0800275c                RTC_WKUP_IRQHandler
                0x0800275c                SPI2_IRQHandler
                0x0800275c                MemManage_Handler
                0x0800275c                SVC_Handler
                0x0800275c                DMA2_Channel5_IRQHandler
                0x0800275c                USB_LP_IRQHandler
                0x0800275c                EXTI4_IRQHandler
                0x0800275c                USB_LP_CAN1_RX0_IRQHandler
                0x0800275c                TIM1_TRG_COM_TIM17_IRQHandler
                0x0800275c                USB_HP_CAN1_TX_IRQHandler
                0x0800275c                DMA1_Channel3_IRQHandler
                0x0800275c                ADC4_IRQHandler
                0x0800275c                WWDG_IRQHandler
                0x0800275c                TIM2_IRQHandler
                0x0800275c                COMP7_IRQHandler
                0x0800275c                COMP1_2_3_IRQHandler
                0x0800275c                EXTI1_IRQHandler
                0x0800275c                USART2_IRQHandler
                0x0800275c                COMP4_5_6_IRQHandler
                0x0800275c                I2C2_ER_IRQHandler
                0x0800275c                DMA1_Channel2_IRQHandler
                0x0800275c                TIM8_BRK_IRQHandler
                0x0800275c                CAN1_SCE_IRQHandler
                0x0800275c                FLASH_IRQHandler
                0x0800275c                BusFault_Handler
                0x0800275c                USART1_IRQHandler
                0x0800275c                SPI3_IRQHandler
                0x0800275c                I2C1_ER_IRQHandler
                0x0800275c                USBWakeUp_IRQHandler
                0x0800275c                DMA2_Channel3_IRQHandler
                0x0800275c                TIM1_BRK_TIM15_IRQHandler
 *fill*         0x0800275e        0x2 
 .text.SYSCFG_EXTILineConfig
                0x08002760       0x84 ..\obj\stm32f30x_syscfg.o
                0x08002760                SYSCFG_EXTILineConfig
 *fill*         0x080027e4        0x4 
 .text.filter_init
                0x080027e8       0x94 ..\obj\signal_prcs.o
                0x080027e8                filter_init
 .text.pitch_func
                0x0800287c      0x1fc ..\obj\signal_prcs.o
                0x0800287c                pitch_func
 .text.clock_init
                0x08002a78       0x64 ..\obj\clock.o
                0x08002a78                clock_init
 .text.roundf   0x08002adc       0x60 ..\..\..\..\..\..\..\Program Files (x86)\GNU Tools ARM Embedded\5.3 2016q1\arm-none-eabi\lib\armv7e-m\fpu\libm.a(lib_a-sf_round.o)
                0x08002adc                roundf
 .text.powf     0x08002b3c      0x328 ..\..\..\..\..\..\..\Program Files (x86)\GNU Tools ARM Embedded\5.3 2016q1\arm-none-eabi\lib\armv7e-m\fpu\libm.a(lib_a-wf_pow.o)
                0x08002b3c                powf
 .text.__ieee754_powf
                0x08002e64      0x5fc ..\..\..\..\..\..\..\Program Files (x86)\GNU Tools ARM Embedded\5.3 2016q1\arm-none-eabi\lib\armv7e-m\fpu\libm.a(lib_a-ef_pow.o)
                0x08002e64                __ieee754_powf
 .text.__ieee754_sqrtf
                0x08003460       0xa4 ..\..\..\..\..\..\..\Program Files (x86)\GNU Tools ARM Embedded\5.3 2016q1\arm-none-eabi\lib\armv7e-m\fpu\libm.a(lib_a-ef_sqrt.o)
                0x08003460                __ieee754_sqrtf
 .text.matherr  0x08003504        0x4 ..\..\..\..\..\..\..\Program Files (x86)\GNU Tools ARM Embedded\5.3 2016q1\arm-none-eabi\lib\armv7e-m\fpu\libm.a(lib_a-s_matherr.o)
                0x08003504                matherr
 .text.rint     0x08003508      0x128 ..\..\..\..\..\..\..\Program Files (x86)\GNU Tools ARM Embedded\5.3 2016q1\arm-none-eabi\lib\armv7e-m\fpu\libm.a(lib_a-s_rint.o)
                0x08003508                rint
 .text.fabsf    0x08003630       0x10 ..\..\..\..\..\..\..\Program Files (x86)\GNU Tools ARM Embedded\5.3 2016q1\arm-none-eabi\lib\armv7e-m\fpu\libm.a(lib_a-sf_fabs.o)
                0x08003630                fabsf
 .text.finitef  0x08003640       0x14 ..\..\..\..\..\..\..\Program Files (x86)\GNU Tools ARM Embedded\5.3 2016q1\arm-none-eabi\lib\armv7e-m\fpu\libm.a(lib_a-sf_finite.o)
                0x08003640                finitef
 .text.nanf     0x08003654        0xc ..\..\..\..\..\..\..\Program Files (x86)\GNU Tools ARM Embedded\5.3 2016q1\arm-none-eabi\lib\armv7e-m\fpu\libm.a(lib_a-sf_nan.o)
                0x08003654                nanf
 .text.scalbnf  0x08003660       0xd0 ..\..\..\..\..\..\..\Program Files (x86)\GNU Tools ARM Embedded\5.3 2016q1\arm-none-eabi\lib\armv7e-m\fpu\libm.a(lib_a-sf_scalbn.o)
                0x08003660                scalbnf
 .text.copysignf
                0x08003730       0x18 ..\..\..\..\..\..\..\Program Files (x86)\GNU Tools ARM Embedded\5.3 2016q1\arm-none-eabi\lib\armv7e-m\fpu\libm.a(lib_a-sf_copysign.o)
                0x08003730                copysignf
 .text          0x08003748      0x370 c:/program files (x86)/gnu tools arm embedded/5.3 2016q1/bin/../lib/gcc/arm-none-eabi/5.3.1/armv7e-m/fpu\libgcc.a(_arm_addsubdf3.o)
                0x08003748                __aeabi_drsub
                0x08003750                __aeabi_dsub
                0x08003750                __subdf3
                0x08003754                __aeabi_dadd
                0x08003754                __adddf3
                0x080039cc                __floatunsidf
                0x080039cc                __aeabi_ui2d
                0x080039ec                __floatsidf
                0x080039ec                __aeabi_i2d
                0x08003a10                __aeabi_f2d
                0x08003a10                __extendsfdf2
                0x08003a4c                __floatundidf
                0x08003a4c                __aeabi_ul2d
                0x08003a5c                __floatdidf
                0x08003a5c                __aeabi_l2d
 .text          0x08003ab8      0x424 c:/program files (x86)/gnu tools arm embedded/5.3 2016q1/bin/../lib/gcc/arm-none-eabi/5.3.1/armv7e-m/fpu\libgcc.a(_arm_muldivdf3.o)
                0x08003ab8                __aeabi_dmul
                0x08003ab8                __muldf3
                0x08003d0c                __divdf3
                0x08003d0c                __aeabi_ddiv
 .text          0x08003edc      0x110 c:/program files (x86)/gnu tools arm embedded/5.3 2016q1/bin/../lib/gcc/arm-none-eabi/5.3.1/armv7e-m/fpu\libgcc.a(_arm_cmpdf2.o)
                0x08003edc                __gtdf2
                0x08003edc                __gedf2
                0x08003ee4                __ltdf2
                0x08003ee4                __ledf2
                0x08003eec                __nedf2
                0x08003eec                __eqdf2
                0x08003eec                __cmpdf2
                0x08003f68                __aeabi_cdrcmple
                0x08003f78                __aeabi_cdcmpeq
                0x08003f78                __aeabi_cdcmple
                0x08003f88                __aeabi_dcmpeq
                0x08003f9c                __aeabi_dcmplt
                0x08003fb0                __aeabi_dcmple
                0x08003fc4                __aeabi_dcmpge
                0x08003fd8                __aeabi_dcmpgt
 .text          0x08003fec       0xa0 c:/program files (x86)/gnu tools arm embedded/5.3 2016q1/bin/../lib/gcc/arm-none-eabi/5.3.1/armv7e-m/fpu\libgcc.a(_arm_truncdfsf2.o)
                0x08003fec                __truncdfsf2
                0x08003fec                __aeabi_d2f
 .text.__errno  0x0800408c        0xc ..\..\..\..\..\..\..\Program Files (x86)\GNU Tools ARM Embedded\5.3 2016q1\arm-none-eabi\lib\armv7e-m\fpu\libg.a(lib_a-errno.o)
                0x0800408c                __errno
 *(.init)
 *(.fini)
 *crtbegin.o(.ctors)
 *crtbegin?.o(.ctors)
 *(EXCLUDE_FILE(*crtend.o *crtend?.o) .ctors)
 *(SORT(.ctors.*))
 *(.ctors)
 *crtbegin.o(.dtors)
 *crtbegin?.o(.dtors)
 *(EXCLUDE_FILE(*crtend.o *crtend?.o) .dtors)
 *(SORT(.dtors.*))
 *(.dtors)
 *(.rodata*)
 .rodata.str1.4
                0x08004098        0x5 ..\..\..\..\..\..\..\Program Files (x86)\GNU Tools ARM Embedded\5.3 2016q1\arm-none-eabi\lib\armv7e-m\fpu\libm.a(lib_a-wf_pow.o)
 .rodata.str1.4
                0x0800409d        0x5 ..\..\..\..\..\..\..\Program Files (x86)\GNU Tools ARM Embedded\5.3 2016q1\arm-none-eabi\lib\armv7e-m\fpu\libm.a(lib_a-ef_pow.o)
                                  0x1 (size before relaxing)
 *fill*         0x0800409d        0x3 
 .rodata.TWO52  0x080040a0       0x10 ..\..\..\..\..\..\..\Program Files (x86)\GNU Tools ARM Embedded\5.3 2016q1\arm-none-eabi\lib\armv7e-m\fpu\libm.a(lib_a-s_rint.o)
 .rodata.str1.4
                0x080040b0        0x4 ..\..\..\..\..\..\..\Program Files (x86)\GNU Tools ARM Embedded\5.3 2016q1\arm-none-eabi\lib\armv7e-m\fpu\libg.a(lib_a-impure.o)
                                  0x2 (size before relaxing)
 *(.eh_fram e*)

.glue_7         0x080040b4        0x0
 .glue_7        0x080040b4        0x0 linker stubs

.glue_7t        0x080040b4        0x0
 .glue_7t       0x080040b4        0x0 linker stubs

.vfp11_veneer   0x080040b4        0x0
 .vfp11_veneer  0x080040b4        0x0 linker stubs

.v4_bx          0x080040b4        0x0
 .v4_bx         0x080040b4        0x0 linker stubs

.iplt           0x080040b4        0x0
 .iplt          0x080040b4        0x0 ..\obj\stm32f30x_rcc.o

.rel.dyn        0x080040b4        0x0
 .rel.iplt      0x080040b4        0x0 ..\obj\stm32f30x_rcc.o

.ARM.extab
 *(.ARM.extab* .gnu.linkonce.armextab.*)
                0x080040b4                __exidx_start = .

.ARM.exidx
 *(.ARM.exidx* .gnu.linkonce.armexidx.*)
                0x080040b4                __exidx_end = .
                0x080040b4                __etext = .
                0x080040b4                _sidata = __etext

.data           0x20000000      0x464 load address 0x080040b4
                0x20000000                __data_start__ = .
                0x20000000                _sdata = __data_start__
 *(vtable)
 *(.data*)
 .data          0x20000000       0x2a ..\obj\stm32f30x_rcc.o
 *fill*         0x2000002a        0x2 
 .data          0x2000002c        0x4 ..\obj\emul_eeprom.o
                0x2000002c                Data
 .data          0x20000030        0x4 ..\obj\indc_ctrl.o
                0x20000030                shift
 .data.__fdlib_version
                0x20000034        0x1 ..\..\..\..\..\..\..\Program Files (x86)\GNU Tools ARM Embedded\5.3 2016q1\arm-none-eabi\lib\armv7e-m\fpu\libm.a(lib_a-s_lib_ver.o)
                0x20000034                __fdlib_version
 *fill*         0x20000035        0x3 
 .data.impure_data
                0x20000038      0x428 ..\..\..\..\..\..\..\Program Files (x86)\GNU Tools ARM Embedded\5.3 2016q1\arm-none-eabi\lib\armv7e-m\fpu\libg.a(lib_a-impure.o)
 .data._impure_ptr
                0x20000460        0x4 ..\..\..\..\..\..\..\Program Files (x86)\GNU Tools ARM Embedded\5.3 2016q1\arm-none-eabi\lib\armv7e-m\fpu\libg.a(lib_a-impure.o)
                0x20000460                _impure_ptr
                0x20000464                . = ALIGN (0x4)
                [!provide]                PROVIDE (__preinit_array_start, .)
 *(.preinit_array)
                [!provide]                PROVIDE (__preinit_array_end, .)
                0x20000464                . = ALIGN (0x4)
                [!provide]                PROVIDE (__init_array_start, .)
 *(SORT(.init_array.*))
 *(.init_array)
                [!provide]                PROVIDE (__init_array_end, .)
                0x20000464                . = ALIGN (0x4)
                [!provide]                PROVIDE (__fini_array_start, .)
 *(SORT(.fini_array.*))
 *(.fini_array)
                [!provide]                PROVIDE (__fini_array_end, .)
 *(.jcr*)
                0x20000464                . = ALIGN (0x4)
                0x20000464                __data_end__ = .
                0x20000464                _edata = __data_end__

.igot.plt       0x20000464        0x0 load address 0x08004518
 .igot.plt      0x20000464        0x0 ..\obj\stm32f30x_rcc.o

.bss            0x20000464     0x3f68 load address 0x08004518
                0x20000464                . = ALIGN (0x4)
                0x20000464                __bss_start__ = .
                0x20000464                _sbss = __bss_start__
 *(.bss*)
 .bss           0x20000464        0xc ..\obj\emul_eeprom.o
                0x20000464                EraseCounter
                0x20000468                Address
                0x2000046c                NbrOfPage
 .bss           0x20000470        0x3 ..\obj\indc_ctrl.o
                0x20000470                cnt
                0x20000471                flag_button
                0x20000472                digit_cnt
 *fill*         0x20000473        0x1 
 .bss           0x20000474        0x4 ..\obj\adc.o
                0x20000474                pot_adc_value
 .bss           0x20000478       0x20 ..\obj\i2s.o
                0x20000478                dac_buff
                0x20000488                adc_buff
 *(COMMON)
 COMMON         0x20000498       0xa4 ..\obj\main.o
                0x20000498                FilterStruct
                0x200004ac                I2S_InitStructure
                0x200004bc                ADC_InitStructure
                0x200004dc                TIM_InitStructure
                0x200004e8                GPIO_InitStructure
                0x200004f0                NVIC_InitStructure
                0x200004f4                EXTI_InitStructure
                0x200004fc                DMA_InitStructure
                0x20000528                ADC_CommonInitStructure
 COMMON         0x2000053c        0x1 ..\obj\indc_ctrl.o
                0x2000053c                pitch
 *fill*         0x2000053d        0x3 
 COMMON         0x20000540     0x3e8c ..\obj\signal_prcs.o
                0x20000540                write_pnt
                0x20000544                ring_buff
                0x200043c4                read_pnt
                0x200043c8                crossfade
                0x200043cc                . = ALIGN (0x4)
                0x200043cc                __bss_end__ = .
                0x200043cc                _ebss = __bss_end__

.heap           0x200043cc        0x0
                0x200043cc                __end__ = .
                0x200043cc                _end = __end__
                0x200043cc                end = __end__
 *(.heap*)
                0x200043cc                __HeapLimit = .

.co_stack       0x200043cc        0x4 load address 0x08008480
                0x200043d0                . = ALIGN (0x8)
 *fill*         0x200043cc        0x4 
 *(.co_stack .co_stack.*)
                0x2000a000                __StackTop = (ORIGIN (ram) + LENGTH (ram))
                0x20009ffc                __StackLimit = (__StackTop - SIZEOF (.co_stack))
                [!provide]                PROVIDE (__stack, __StackTop)
                0x00000001                ASSERT ((__StackLimit >= __HeapLimit), region ram  overflowed with stack)
LOAD ..\obj\stm32f30x_rcc.o
LOAD ..\obj\stm32f30x_flash.o
LOAD ..\obj\stm32f30x_adc.o
LOAD ..\obj\stm32f30x_gpio.o
LOAD ..\obj\main.o
LOAD ..\obj\stm32f30x_dma.o
LOAD ..\obj\gpio.o
LOAD ..\obj\emul_eeprom.o
LOAD ..\obj\stm32f30x_exti.o
LOAD ..\obj\stm32f30x_spi.o
LOAD ..\obj\indc_ctrl.o
LOAD ..\obj\system_stm32f30x_temp.o
LOAD ..\obj\stm32f30x_misc.o
LOAD ..\obj\stm32f30x_tim.o
LOAD ..\obj\adc.o
LOAD ..\obj\i2s.o
LOAD ..\obj\startup_stm32f30x.o
LOAD ..\obj\stm32f30x_syscfg.o
LOAD ..\obj\signal_prcs.o
LOAD ..\obj\clock.o
LOAD ..\..\..\..\..\..\..\Program Files (x86)\GNU Tools ARM Embedded\5.3 2016q1\arm-none-eabi\lib\armv7e-m\fpu\libm.a
START GROUP
LOAD c:/program files (x86)/gnu tools arm embedded/5.3 2016q1/bin/../lib/gcc/arm-none-eabi/5.3.1/armv7e-m/fpu\libgcc.a
LOAD ..\..\..\..\..\..\..\Program Files (x86)\GNU Tools ARM Embedded\5.3 2016q1\arm-none-eabi\lib\armv7e-m\fpu\libg.a
LOAD ..\..\..\..\..\..\..\Program Files (x86)\GNU Tools ARM Embedded\5.3 2016q1\arm-none-eabi\lib\armv7e-m\fpu\libc.a
END GROUP
OUTPUT(i2s_test.elf elf32-littlearm)

.debug_info     0x00000000     0x9277
 .debug_info    0x00000000      0xacc ..\obj\stm32f30x_rcc.o
 .debug_info    0x00000acc      0x7d7 ..\obj\stm32f30x_flash.o
 .debug_info    0x000012a3     0x131f ..\obj\stm32f30x_adc.o
 .debug_info    0x000025c2      0x612 ..\obj\stm32f30x_gpio.o
 .debug_info    0x00002bd4      0x6f1 ..\obj\main.o
 .debug_info    0x000032c5      0x47b ..\obj\stm32f30x_dma.o
 .debug_info    0x00003740      0x2f7 ..\obj\gpio.o
 .debug_info    0x00003a37      0x175 ..\obj\emul_eeprom.o
 .debug_info    0x00003bac      0x3c4 ..\obj\stm32f30x_exti.o
 .debug_info    0x00003f70      0xb7a ..\obj\stm32f30x_spi.o
 .debug_info    0x00004aea      0x7f6 ..\obj\indc_ctrl.o
 .debug_info    0x000052e0      0x4bb ..\obj\system_stm32f30x_temp.o
 .debug_info    0x0000579b      0x556 ..\obj\stm32f30x_misc.o
 .debug_info    0x00005cf1     0x218c ..\obj\stm32f30x_tim.o
 .debug_info    0x00007e7d      0x50c ..\obj\adc.o
 .debug_info    0x00008389      0x5cb ..\obj\i2s.o
 .debug_info    0x00008954       0xa4 ..\obj\startup_stm32f30x.o
 .debug_info    0x000089f8      0x3ce ..\obj\stm32f30x_syscfg.o
 .debug_info    0x00008dc6      0x3aa ..\obj\signal_prcs.o
 .debug_info    0x00009170      0x107 ..\obj\clock.o

.debug_abbrev   0x00000000     0x195d
 .debug_abbrev  0x00000000      0x1e5 ..\obj\stm32f30x_rcc.o
 .debug_abbrev  0x000001e5      0x1b6 ..\obj\stm32f30x_flash.o
 .debug_abbrev  0x0000039b      0x192 ..\obj\stm32f30x_adc.o
 .debug_abbrev  0x0000052d      0x198 ..\obj\stm32f30x_gpio.o
 .debug_abbrev  0x000006c5      0x15c ..\obj\main.o
 .debug_abbrev  0x00000821      0x157 ..\obj\stm32f30x_dma.o
 .debug_abbrev  0x00000978      0x101 ..\obj\gpio.o
 .debug_abbrev  0x00000a79       0xbb ..\obj\emul_eeprom.o
 .debug_abbrev  0x00000b34      0x17e ..\obj\stm32f30x_exti.o
 .debug_abbrev  0x00000cb2      0x18b ..\obj\stm32f30x_spi.o
 .debug_abbrev  0x00000e3d      0x1ac ..\obj\indc_ctrl.o
 .debug_abbrev  0x00000fe9      0x147 ..\obj\system_stm32f30x_temp.o
 .debug_abbrev  0x00001130      0x147 ..\obj\stm32f30x_misc.o
 .debug_abbrev  0x00001277      0x189 ..\obj\stm32f30x_tim.o
 .debug_abbrev  0x00001400      0x10a ..\obj\adc.o
 .debug_abbrev  0x0000150a      0x10c ..\obj\i2s.o
 .debug_abbrev  0x00001616       0x12 ..\obj\startup_stm32f30x.o
 .debug_abbrev  0x00001628      0x183 ..\obj\stm32f30x_syscfg.o
 .debug_abbrev  0x000017ab      0x12e ..\obj\signal_prcs.o
 .debug_abbrev  0x000018d9       0x84 ..\obj\clock.o

.debug_aranges  0x00000000      0xce8
 .debug_aranges
                0x00000000      0x150 ..\obj\stm32f30x_rcc.o
 .debug_aranges
                0x00000150      0x100 ..\obj\stm32f30x_flash.o
 .debug_aranges
                0x00000250      0x210 ..\obj\stm32f30x_adc.o
 .debug_aranges
                0x00000460       0x80 ..\obj\stm32f30x_gpio.o
 .debug_aranges
                0x000004e0       0x38 ..\obj\main.o
 .debug_aranges
                0x00000518       0x70 ..\obj\stm32f30x_dma.o
 .debug_aranges
                0x00000588       0x20 ..\obj\gpio.o
 .debug_aranges
                0x000005a8       0x28 ..\obj\emul_eeprom.o
 .debug_aranges
                0x000005d0       0x58 ..\obj\stm32f30x_exti.o
 .debug_aranges
                0x00000628      0x118 ..\obj\stm32f30x_spi.o
 .debug_aranges
                0x00000740       0x50 ..\obj\indc_ctrl.o
 .debug_aranges
                0x00000790       0x30 ..\obj\system_stm32f30x_temp.o
 .debug_aranges
                0x000007c0       0x40 ..\obj\stm32f30x_misc.o
 .debug_aranges
                0x00000800      0x3a8 ..\obj\stm32f30x_tim.o
 .debug_aranges
                0x00000ba8       0x28 ..\obj\adc.o
 .debug_aranges
                0x00000bd0       0x20 ..\obj\i2s.o
 .debug_aranges
                0x00000bf0       0x28 ..\obj\startup_stm32f30x.o
 .debug_aranges
                0x00000c18       0x88 ..\obj\stm32f30x_syscfg.o
 .debug_aranges
                0x00000ca0       0x28 ..\obj\signal_prcs.o
 .debug_aranges
                0x00000cc8       0x20 ..\obj\clock.o

.debug_ranges   0x00000000      0xbb0
 .debug_ranges  0x00000000      0x140 ..\obj\stm32f30x_rcc.o
 .debug_ranges  0x00000140       0xf0 ..\obj\stm32f30x_flash.o
 .debug_ranges  0x00000230      0x200 ..\obj\stm32f30x_adc.o
 .debug_ranges  0x00000430       0x70 ..\obj\stm32f30x_gpio.o
 .debug_ranges  0x000004a0       0x28 ..\obj\main.o
 .debug_ranges  0x000004c8       0x60 ..\obj\stm32f30x_dma.o
 .debug_ranges  0x00000528       0x10 ..\obj\gpio.o
 .debug_ranges  0x00000538       0x18 ..\obj\emul_eeprom.o
 .debug_ranges  0x00000550       0x48 ..\obj\stm32f30x_exti.o
 .debug_ranges  0x00000598      0x108 ..\obj\stm32f30x_spi.o
 .debug_ranges  0x000006a0       0x40 ..\obj\indc_ctrl.o
 .debug_ranges  0x000006e0       0x20 ..\obj\system_stm32f30x_temp.o
 .debug_ranges  0x00000700       0x30 ..\obj\stm32f30x_misc.o
 .debug_ranges  0x00000730      0x398 ..\obj\stm32f30x_tim.o
 .debug_ranges  0x00000ac8       0x18 ..\obj\adc.o
 .debug_ranges  0x00000ae0       0x10 ..\obj\i2s.o
 .debug_ranges  0x00000af0       0x20 ..\obj\startup_stm32f30x.o
 .debug_ranges  0x00000b10       0x78 ..\obj\stm32f30x_syscfg.o
 .debug_ranges  0x00000b88       0x18 ..\obj\signal_prcs.o
 .debug_ranges  0x00000ba0       0x10 ..\obj\clock.o

.debug_line     0x00000000     0x47ea
 .debug_line    0x00000000      0x5a8 ..\obj\stm32f30x_rcc.o
 .debug_line    0x000005a8      0x4bc ..\obj\stm32f30x_flash.o
 .debug_line    0x00000a64      0x7e3 ..\obj\stm32f30x_adc.o
 .debug_line    0x00001247      0x343 ..\obj\stm32f30x_gpio.o
 .debug_line    0x0000158a      0x313 ..\obj\main.o
 .debug_line    0x0000189d      0x33f ..\obj\stm32f30x_dma.o
 .debug_line    0x00001bdc      0x20d ..\obj\gpio.o
 .debug_line    0x00001de9      0x1d6 ..\obj\emul_eeprom.o
 .debug_line    0x00001fbf      0x2bd ..\obj\stm32f30x_exti.o
 .debug_line    0x0000227c      0x50c ..\obj\stm32f30x_spi.o
 .debug_line    0x00002788      0x336 ..\obj\indc_ctrl.o
 .debug_line    0x00002abe      0x1fd ..\obj\system_stm32f30x_temp.o
 .debug_line    0x00002cbb      0x25e ..\obj\stm32f30x_misc.o
 .debug_line    0x00002f19      0xcb2 ..\obj\stm32f30x_tim.o
 .debug_line    0x00003bcb      0x234 ..\obj\adc.o
 .debug_line    0x00003dff      0x240 ..\obj\i2s.o
 .debug_line    0x0000403f       0xa5 ..\obj\startup_stm32f30x.o
 .debug_line    0x000040e4      0x2c3 ..\obj\stm32f30x_syscfg.o
 .debug_line    0x000043a7      0x28c ..\obj\signal_prcs.o
 .debug_line    0x00004633      0x1b7 ..\obj\clock.o

.debug_str      0x00000000     0x3bc7
 .debug_str     0x00000000      0x786 ..\obj\stm32f30x_rcc.o
                                0x81c (size before relaxing)
 .debug_str     0x00000786      0x3d2 ..\obj\stm32f30x_flash.o
                                0x5bf (size before relaxing)
 .debug_str     0x00000b58      0x9ae ..\obj\stm32f30x_adc.o
                                0xbb8 (size before relaxing)
 .debug_str     0x00001506      0x2fb ..\obj\stm32f30x_gpio.o
                                0x4c7 (size before relaxing)
 .debug_str     0x00001801      0x496 ..\obj\main.o
                                0x8a2 (size before relaxing)
 .debug_str     0x00001c97      0x166 ..\obj\stm32f30x_dma.o
                                0x3e5 (size before relaxing)
 .debug_str     0x00001dfd       0x39 ..\obj\gpio.o
                                0x37b (size before relaxing)
 .debug_str     0x00001e36       0x69 ..\obj\emul_eeprom.o
                                0x227 (size before relaxing)
 .debug_str     0x00001e9f      0x125 ..\obj\stm32f30x_exti.o
                                0x3a8 (size before relaxing)
 .debug_str     0x00001fc4      0x423 ..\obj\stm32f30x_spi.o
                                0x7ef (size before relaxing)
 .debug_str     0x000023e7      0x564 ..\obj\indc_ctrl.o
                                0x995 (size before relaxing)
 .debug_str     0x0000294b       0xda ..\obj\system_stm32f30x_temp.o
                                0x332 (size before relaxing)
 .debug_str     0x00002a25      0x15f ..\obj\stm32f30x_misc.o
                                0x3f6 (size before relaxing)
 .debug_str     0x00002b84      0xc6d ..\obj\stm32f30x_tim.o
                                0xf9f (size before relaxing)
 .debug_str     0x000037f1       0x40 ..\obj\adc.o
                                0x4e2 (size before relaxing)
 .debug_str     0x00003831       0x37 ..\obj\i2s.o
                                0x882 (size before relaxing)
 .debug_str     0x00003868      0x26e ..\obj\stm32f30x_syscfg.o
                                0x428 (size before relaxing)
 .debug_str     0x00003ad6       0xb6 ..\obj\signal_prcs.o
                                0x45d (size before relaxing)
 .debug_str     0x00003b8c       0x3b ..\obj\clock.o
                                0x1c1 (size before relaxing)

.comment        0x00000000       0x6e
 .comment       0x00000000       0x6e ..\obj\stm32f30x_rcc.o
                                 0x6f (size before relaxing)
 .comment       0x0000006e       0x6f ..\obj\stm32f30x_flash.o
 .comment       0x0000006e       0x6f ..\obj\stm32f30x_adc.o
 .comment       0x0000006e       0x6f ..\obj\stm32f30x_gpio.o
 .comment       0x0000006e       0x6f ..\obj\main.o
 .comment       0x0000006e       0x6f ..\obj\stm32f30x_dma.o
 .comment       0x0000006e       0x6f ..\obj\gpio.o
 .comment       0x0000006e       0x6f ..\obj\emul_eeprom.o
 .comment       0x0000006e       0x6f ..\obj\stm32f30x_exti.o
 .comment       0x0000006e       0x6f ..\obj\stm32f30x_spi.o
 .comment       0x0000006e       0x6f ..\obj\indc_ctrl.o
 .comment       0x0000006e       0x6f ..\obj\system_stm32f30x_temp.o
 .comment       0x0000006e       0x6f ..\obj\stm32f30x_misc.o
 .comment       0x0000006e       0x6f ..\obj\stm32f30x_tim.o
 .comment       0x0000006e       0x6f ..\obj\adc.o
 .comment       0x0000006e       0x6f ..\obj\i2s.o
 .comment       0x0000006e       0x6f ..\obj\stm32f30x_syscfg.o
 .comment       0x0000006e       0x6f ..\obj\signal_prcs.o
 .comment       0x0000006e       0x6f ..\obj\clock.o

.ARM.attributes
                0x00000000       0x37
 .ARM.attributes
                0x00000000       0x39 ..\obj\stm32f30x_rcc.o
 .ARM.attributes
                0x00000039       0x39 ..\obj\stm32f30x_flash.o
 .ARM.attributes
                0x00000072       0x39 ..\obj\stm32f30x_adc.o
 .ARM.attributes
                0x000000ab       0x39 ..\obj\stm32f30x_gpio.o
 .ARM.attributes
                0x000000e4       0x39 ..\obj\main.o
 .ARM.attributes
                0x0000011d       0x39 ..\obj\stm32f30x_dma.o
 .ARM.attributes
                0x00000156       0x39 ..\obj\gpio.o
 .ARM.attributes
                0x0000018f       0x39 ..\obj\emul_eeprom.o
 .ARM.attributes
                0x000001c8       0x39 ..\obj\stm32f30x_exti.o
 .ARM.attributes
                0x00000201       0x39 ..\obj\stm32f30x_spi.o
 .ARM.attributes
                0x0000023a       0x39 ..\obj\indc_ctrl.o
 .ARM.attributes
                0x00000273       0x39 ..\obj\system_stm32f30x_temp.o
 .ARM.attributes
                0x000002ac       0x39 ..\obj\stm32f30x_misc.o
 .ARM.attributes
                0x000002e5       0x39 ..\obj\stm32f30x_tim.o
 .ARM.attributes
                0x0000031e       0x39 ..\obj\adc.o
 .ARM.attributes
                0x00000357       0x39 ..\obj\i2s.o
 .ARM.attributes
                0x00000390       0x21 ..\obj\startup_stm32f30x.o
 .ARM.attributes
                0x000003b1       0x39 ..\obj\stm32f30x_syscfg.o
 .ARM.attributes
                0x000003ea       0x39 ..\obj\signal_prcs.o
 .ARM.attributes
                0x00000423       0x39 ..\obj\clock.o
 .ARM.attributes
                0x0000045c       0x34 ..\..\..\..\..\..\..\Program Files (x86)\GNU Tools ARM Embedded\5.3 2016q1\arm-none-eabi\lib\armv7e-m\fpu\libm.a(lib_a-sf_round.o)
 .ARM.attributes
                0x00000490       0x34 ..\..\..\..\..\..\..\Program Files (x86)\GNU Tools ARM Embedded\5.3 2016q1\arm-none-eabi\lib\armv7e-m\fpu\libm.a(lib_a-wf_pow.o)
 .ARM.attributes
                0x000004c4       0x34 ..\..\..\..\..\..\..\Program Files (x86)\GNU Tools ARM Embedded\5.3 2016q1\arm-none-eabi\lib\armv7e-m\fpu\libm.a(lib_a-ef_pow.o)
 .ARM.attributes
                0x000004f8       0x34 ..\..\..\..\..\..\..\Program Files (x86)\GNU Tools ARM Embedded\5.3 2016q1\arm-none-eabi\lib\armv7e-m\fpu\libm.a(lib_a-ef_sqrt.o)
 .ARM.attributes
                0x0000052c       0x34 ..\..\..\..\..\..\..\Program Files (x86)\GNU Tools ARM Embedded\5.3 2016q1\arm-none-eabi\lib\armv7e-m\fpu\libm.a(lib_a-s_lib_ver.o)
 .ARM.attributes
                0x00000560       0x34 ..\..\..\..\..\..\..\Program Files (x86)\GNU Tools ARM Embedded\5.3 2016q1\arm-none-eabi\lib\armv7e-m\fpu\libm.a(lib_a-s_matherr.o)
 .ARM.attributes
                0x00000594       0x34 ..\..\..\..\..\..\..\Program Files (x86)\GNU Tools ARM Embedded\5.3 2016q1\arm-none-eabi\lib\armv7e-m\fpu\libm.a(lib_a-s_rint.o)
 .ARM.attributes
                0x000005c8       0x34 ..\..\..\..\..\..\..\Program Files (x86)\GNU Tools ARM Embedded\5.3 2016q1\arm-none-eabi\lib\armv7e-m\fpu\libm.a(lib_a-sf_fabs.o)
 .ARM.attributes
                0x000005fc       0x34 ..\..\..\..\..\..\..\Program Files (x86)\GNU Tools ARM Embedded\5.3 2016q1\arm-none-eabi\lib\armv7e-m\fpu\libm.a(lib_a-sf_finite.o)
 .ARM.attributes
                0x00000630       0x34 ..\..\..\..\..\..\..\Program Files (x86)\GNU Tools ARM Embedded\5.3 2016q1\arm-none-eabi\lib\armv7e-m\fpu\libm.a(lib_a-sf_nan.o)
 .ARM.attributes
                0x00000664       0x34 ..\..\..\..\..\..\..\Program Files (x86)\GNU Tools ARM Embedded\5.3 2016q1\arm-none-eabi\lib\armv7e-m\fpu\libm.a(lib_a-sf_scalbn.o)
 .ARM.attributes
                0x00000698       0x34 ..\..\..\..\..\..\..\Program Files (x86)\GNU Tools ARM Embedded\5.3 2016q1\arm-none-eabi\lib\armv7e-m\fpu\libm.a(lib_a-sf_copysign.o)
 .ARM.attributes
                0x000006cc       0x22 c:/program files (x86)/gnu tools arm embedded/5.3 2016q1/bin/../lib/gcc/arm-none-eabi/5.3.1/armv7e-m/fpu\libgcc.a(_arm_addsubdf3.o)
 .ARM.attributes
                0x000006ee       0x22 c:/program files (x86)/gnu tools arm embedded/5.3 2016q1/bin/../lib/gcc/arm-none-eabi/5.3.1/armv7e-m/fpu\libgcc.a(_arm_muldivdf3.o)
 .ARM.attributes
                0x00000710       0x22 c:/program files (x86)/gnu tools arm embedded/5.3 2016q1/bin/../lib/gcc/arm-none-eabi/5.3.1/armv7e-m/fpu\libgcc.a(_arm_cmpdf2.o)
 .ARM.attributes
                0x00000732       0x22 c:/program files (x86)/gnu tools arm embedded/5.3 2016q1/bin/../lib/gcc/arm-none-eabi/5.3.1/armv7e-m/fpu\libgcc.a(_arm_truncdfsf2.o)
 .ARM.attributes
                0x00000754       0x34 ..\..\..\..\..\..\..\Program Files (x86)\GNU Tools ARM Embedded\5.3 2016q1\arm-none-eabi\lib\armv7e-m\fpu\libg.a(lib_a-errno.o)
 .ARM.attributes
                0x00000788       0x34 ..\..\..\..\..\..\..\Program Files (x86)\GNU Tools ARM Embedded\5.3 2016q1\arm-none-eabi\lib\armv7e-m\fpu\libg.a(lib_a-impure.o)

.debug_frame    0x00000000     0x3928
 .debug_frame   0x00000000      0x60c ..\obj\stm32f30x_rcc.o
 .debug_frame   0x0000060c      0x428 ..\obj\stm32f30x_flash.o
 .debug_frame   0x00000a34      0x9e4 ..\obj\stm32f30x_adc.o
 .debug_frame   0x00001418      0x214 ..\obj\stm32f30x_gpio.o
 .debug_frame   0x0000162c       0x88 ..\obj\main.o
 .debug_frame   0x000016b4      0x1c8 ..\obj\stm32f30x_dma.o
 .debug_frame   0x0000187c       0x2c ..\obj\gpio.o
 .debug_frame   0x000018a8       0x5c ..\obj\emul_eeprom.o
 .debug_frame   0x00001904      0x148 ..\obj\stm32f30x_exti.o
 .debug_frame   0x00001a4c      0x508 ..\obj\stm32f30x_spi.o
 .debug_frame   0x00001f54       0xe8 ..\obj\indc_ctrl.o
 .debug_frame   0x0000203c       0x7c ..\obj\system_stm32f30x_temp.o
 .debug_frame   0x000020b8       0xd8 ..\obj\stm32f30x_misc.o
 .debug_frame   0x00002190     0x11c4 ..\obj\stm32f30x_tim.o
 .debug_frame   0x00003354       0x48 ..\obj\adc.o
 .debug_frame   0x0000339c       0x2c ..\obj\i2s.o
 .debug_frame   0x000033c8      0x230 ..\obj\stm32f30x_syscfg.o
 .debug_frame   0x000035f8       0x5c ..\obj\signal_prcs.o
 .debug_frame   0x00003654       0x2c ..\obj\clock.o
 .debug_frame   0x00003680       0x38 ..\..\..\..\..\..\..\Program Files (x86)\GNU Tools ARM Embedded\5.3 2016q1\arm-none-eabi\lib\armv7e-m\fpu\libm.a(lib_a-sf_round.o)
 .debug_frame   0x000036b8       0x74 ..\..\..\..\..\..\..\Program Files (x86)\GNU Tools ARM Embedded\5.3 2016q1\arm-none-eabi\lib\armv7e-m\fpu\libm.a(lib_a-wf_pow.o)
 .debug_frame   0x0000372c       0x80 ..\..\..\..\..\..\..\Program Files (x86)\GNU Tools ARM Embedded\5.3 2016q1\arm-none-eabi\lib\armv7e-m\fpu\libm.a(lib_a-ef_pow.o)
 .debug_frame   0x000037ac       0x3c ..\..\..\..\..\..\..\Program Files (x86)\GNU Tools ARM Embedded\5.3 2016q1\arm-none-eabi\lib\armv7e-m\fpu\libm.a(lib_a-ef_sqrt.o)
 .debug_frame   0x000037e8       0x20 ..\..\..\..\..\..\..\Program Files (x86)\GNU Tools ARM Embedded\5.3 2016q1\arm-none-eabi\lib\armv7e-m\fpu\libm.a(lib_a-s_matherr.o)
 .debug_frame   0x00003808       0x3c ..\..\..\..\..\..\..\Program Files (x86)\GNU Tools ARM Embedded\5.3 2016q1\arm-none-eabi\lib\armv7e-m\fpu\libm.a(lib_a-s_rint.o)
 .debug_frame   0x00003844       0x20 ..\..\..\..\..\..\..\Program Files (x86)\GNU Tools ARM Embedded\5.3 2016q1\arm-none-eabi\lib\armv7e-m\fpu\libm.a(lib_a-sf_fabs.o)
 .debug_frame   0x00003864       0x20 ..\..\..\..\..\..\..\Program Files (x86)\GNU Tools ARM Embedded\5.3 2016q1\arm-none-eabi\lib\armv7e-m\fpu\libm.a(lib_a-sf_finite.o)
 .debug_frame   0x00003884       0x20 ..\..\..\..\..\..\..\Program Files (x86)\GNU Tools ARM Embedded\5.3 2016q1\arm-none-eabi\lib\armv7e-m\fpu\libm.a(lib_a-sf_nan.o)
 .debug_frame   0x000038a4       0x44 ..\..\..\..\..\..\..\Program Files (x86)\GNU Tools ARM Embedded\5.3 2016q1\arm-none-eabi\lib\armv7e-m\fpu\libm.a(lib_a-sf_scalbn.o)
 .debug_frame   0x000038e8       0x20 ..\..\..\..\..\..\..\Program Files (x86)\GNU Tools ARM Embedded\5.3 2016q1\arm-none-eabi\lib\armv7e-m\fpu\libm.a(lib_a-sf_copysign.o)
 .debug_frame   0x00003908       0x20 ..\..\..\..\..\..\..\Program Files (x86)\GNU Tools ARM Embedded\5.3 2016q1\arm-none-eabi\lib\armv7e-m\fpu\libg.a(lib_a-errno.o)
